Using browser-only version of superagent in non-browser environment
code is null
✔ gallery clear removes the saved program from the URL (GAP-002 input removal) (74.420114ms)
code is null
code is c2VhcmNoJTIwaHlkcmElMEFub2lzZShzY2FsZSUzQSUyMDUpLndyaXRlKG8wKSUwQSUwQXJlbmRlcihvMCk=
✔ gallery restores the saved program from a URL code parameter (GAP-002 URL restoration) (27.108905ms)
code is null
code is c2VhcmNoJTIwaHlkcmElMkMlMjByZW5kZXIlMEElMEFub2lzZShzY2FsZSUzQSUyMDUpJTBBJTIwJTIwLndyaXRlKG8wKSUwQSUwQXJlbmRlcihvMCk=
✔ gallery restores a code parameter recorded from the scheme at revision 626f37c (GAP-003 saved-sketch upgrade) (23.21008ms)
✔ line shortcut flashes its range and evaluates the complete document (1.559278ms)
✔ block shortcut flashes its range and evaluates the complete document (0.152763ms)
[hydra-wgsl] conversion failed: hydra-wgsl: program is missing `out vec4 fragColor;`
✔ convertHydraGlslProgramToWgsl emits WGSL with per-declared uniform bindings (6.062352ms)
✔ effect-body texture2D calls gain the WGSL y-flip the entry-point sites drop (0.664068ms)
✔ attachHydraWgslShaders attaches WGSL to Hydra namespace definitions only (1.135634ms)
✔ attachHydraWgslCompile wraps WebGPU WGSL source resolution and is idempotent (1.383477ms)
✔ mutator uses the Noisemaker AST and recompiles mutated and restored source (2.356969ms)
✔ mutator preserves multi-step pipeline structure containing builtin steps across mutations (0.533117ms)
✔ editor runtime contains no legacy Hydra execution surface (3.054757ms)
✔ canvas component stops and disposes its Noisemaker renderer (0.447805ms)
✔ canvas component cleanup stops capture tracks and patch bay (GAP-002 resource cleanup) (0.199042ms)
✔ contains no alternate JavaScript evaluator or its dependencies (2.861304ms)
✔ active editor formats and clears with native Noisemaker syntax (0.223522ms)
✔ production assets contain no dormant legacy runtime bundle (0.204283ms)
✔ creates one initialized Noisemaker CanvasRenderer (4.752777ms)
✔ runtime preserves CanvasRenderer pipeline sink deferral and deferredFrameCount contract (0.455095ms)
✔ runtime preserves CanvasRenderer texture and pass contracts (GAP-004, GAP-005) (0.581676ms)
✔ parity case matrix covers the full 210-ID authority manifest (1.62578ms)
✔ parity case matrix pins authority identities (0.382435ms)
✔ every parity case defines deterministic programs for all frames (2.959286ms)
✔ parity gate harness files exist (0.255563ms)
✔ forwards the complete editor document unchanged to one compiler (22.158576ms)
✔ forwards chained variable alias syntax through repl.eval to compiler (6.385537ms)
✔ forwards midi expressions through repl.eval to compiler (7.454669ms)
✔ forwards adjust filter expressions through repl.eval to compiler (3.439031ms)
✔ forwards output surface boundary expressions through repl.eval to compiler (6.536379ms)
✔ repl.eval returns error when engine is not ready (3.903137ms)
✔ repl.eval formats compiler errors containing diagnostics (2.55324ms)
✔ repl.eval recovers after a failed compilation (2.390929ms)
✔ repl.eval formats compiler syntax errors for out-of-range output surfaces (4.826318ms)
✔ repl.eval formats error when step replacement or compilation fails (10.367475ms)
✔ formatError formats strings, nulls, and standard Error instances (6.499457ms)
✔ formatError prioritizes diagnostics and errors on Error instances (8.920838ms)
✔ formatError handles plain objects with diagnostics or error properties (4.330761ms)
✔ formatDiagnostic preserves column precedence over col fallback and formats unlocated diagnostics (5.906862ms)
✔ formatError handles singular diagnostic property with structured lexer payload (2.180386ms)
✔ repl.eval formats compiler syntax errors carrying structured lexer diagnostic (2.262537ms)
✔ formatError handles singular diagnostic property with structured parser payload (P001/P002) (3.730975ms)
✔ formatError handles parser expectation diagnostics with explicit null location and span (1.842634ms)
✔ repl.eval formats compiler syntax errors carrying structured parser diagnostic (2.45139ms)
✔ formatError handles singular diagnostic property with structured parser automation payload (P003) (4.327812ms)
✔ formatError handles singular diagnostic property with structured parser search directive payload (P004) (2.007204ms)
✔ formatError handles parser automation and search diagnostics with explicit null location and span (2.132145ms)
✔ repl.eval formats compiler syntax errors carrying structured parser automation diagnostic (P003) (4.311721ms)
✔ repl.eval formats compiler syntax errors carrying structured parser search diagnostic (P004) (4.721086ms)
✔ forwards classicNoisedeck noise expressions with refract parameter through repl.eval to compiler (5.506117ms)
✔ forwards classicNoisedeck glitch expressions with zero-work parameters through repl.eval to compiler (7.391429ms)
✔ formatError handles singular diagnostic property with structured parser output validation payload (P005) (3.508823ms)
✔ formatError handles parser output validation diagnostics with explicit null location and span (6.135984ms)
✔ repl.eval formats compiler syntax errors carrying structured parser output validation diagnostic (P005) (3.065948ms)
✔ formatError handles singular diagnostic property with structured parser subchain validation payload (P006) (10.855041ms)
✔ formatError handles parser subchain validation diagnostics with explicit null location and span (3.008066ms)
✔ repl.eval formats compiler syntax errors carrying structured parser subchain validation diagnostic (P006) (3.157369ms)
✔ forwards subchain expressions through repl.eval to compiler (3.933448ms)
✔ formatError handles singular diagnostic property with structured parser call-form validation payload (P007) (2.053675ms)
✔ formatError handles parser call-form validation diagnostics with explicit null location and span (2.806873ms)
✔ repl.eval formats compiler syntax errors carrying structured parser call-form validation diagnostic (P007) (3.117037ms)
✔ formatError handles parser expectation diagnostics with explicit null location and span for number coercion (8.194459ms)
✔ forwards from() and call expressions through repl.eval to compiler (2.893074ms)
✔ formatError handles parser expectation diagnostics with structured source location for number coercion (P001) (4.078859ms)
✔ repl.eval formats compiler syntax errors carrying structured number coercion diagnostic with source location (P001) (4.212981ms)
✔ formatError handles singular diagnostic property with structured parser subchain validation payload (P008) (1.995393ms)
✔ formatError handles parser subchain validation diagnostics with explicit null location and span (P008) (2.239627ms)
✔ repl.eval formats compiler syntax errors carrying structured parser subchain validation diagnostic (P008) (6.055482ms)
✔ formatError handles singular diagnostic property with structured parser subchain validation payload (P009) (2.48113ms)
✔ formatError handles parser subchain validation diagnostics with explicit null location and span (P009) (5.470375ms)
✔ repl.eval formats compiler syntax errors carrying structured parser subchain validation diagnostic (P009) (6.734151ms)
✔ formatError handles singular diagnostic property with structured parser subchain validation payload (P010) (2.354098ms)
✔ formatError handles parser subchain validation diagnostics with explicit null location and span (P010) (6.299386ms)
✔ repl.eval formats compiler syntax errors carrying structured parser subchain validation diagnostic (P010) (3.435571ms)
✔ formatError handles multiple subchain validation diagnostics in diagnostics list (P008/P009/P010) (2.613861ms)
✔ forwards subchain expressions with multiple keyword arguments through repl.eval to compiler (4.16219ms)
✔ formatError prioritizes diagnostics array attached to Error instances for subchain validation (2.853014ms)
✔ formatError handles effect definition validation errors in errors array (GAP-003) (2.394349ms)
✔ formatError handles Error instance with validation errors array (GAP-003) (2.617892ms)
✔ repl.eval formats compiler errors carrying effect definition validation failures (GAP-003) (3.547342ms)
✔ formatError handles texture policy validation errors in errors array (noisemaker@2f47612c texture policy) (7.355489ms)
✔ formatError handles Error instance with texture policy errors array (noisemaker@2f47612c texture policy) (7.861975ms)
✔ repl.eval formats compiler errors carrying texture policy validation failures (noisemaker@2f47612c texture policy) (3.806146ms)
✔ formatError handles pass property validation errors in errors array (GAP-005) (4.465164ms)
✔ repl.eval formats compiler errors carrying GAP-005 pass property validation failures (7.45508ms)
✔ formatError handles ShaderDiagnostic backend errors preserving legacy detail (noisemaker 6a0af04d) (3.865878ms)
✔ repl.eval formats compiler errors carrying ShaderDiagnostic failures (noisemaker 6a0af04d) (2.428738ms)
ℹ tests 86
ℹ suites 0
ℹ pass 86
ℹ fail 0
ℹ cancelled 0
ℹ skipped 0
ℹ todo 0
ℹ duration_ms 1114.600979
