[parity-gate] static gate server up
[parity-gate] identity: bundle=true manifest=true companion=true rollingMatchesImmutable=false
[parity-gate] slice 0..4: launching headless Chromium (attempt 1)
[parity-gate] command: /Applications/Google Chrome.app/Contents/MacOS/Google Chrome --headless=new --no-sandbox --disable-dev-shm-usage --disable-background-networking --disable-component-update --disable-sync --no-first-run --no-default-browser-check --proxy-server=http://127.0.0.1:3129 --enable-logging=stderr --v=0 --remote-debugging-port=43118 --user-data-dir=/Users/alex/.local/state/scaffold-cloud/office/jobs/2f40fc7c-2b86-4a3b-815a-3532026003a3/repos/noisemaker-for-hydra/.gpu-run-fresh/chrome-profile-0 --disk-cache-dir=/Users/alex/.local/state/scaffold-cloud/office/jobs/2f40fc7c-2b86-4a3b-815a-3532026003a3/repos/noisemaker-for-hydra/.gpu-run-fresh/chrome-http-cache --disk-cache-size=524288000 about:blank
[parity-gate] navigate: http://127.0.0.1:43117/test/parity-gate/authority.html
[parity-gate] authority webgl: WebGL 2.0 (OpenGL ES 3.0 Chromium) / WebKit WebGL
[parity-gate] authority done so far: 1/5 classicNoisedeck/bitEffects
[parity-gate] authority done so far: 2/5 classicNoisedeck/caustic
[parity-gate] authority done so far: 3/5 classicNoisedeck/cellNoise
[parity-gate] authority done so far: 4/5 classicNoisedeck/cellRefract
[parity-gate] authority done so far: 5/5 classicNoisedeck/coalesce
[parity-gate] navigate: http://127.0.0.1:43117/test/parity-gate/port.html
[parity-gate] port done so far: 1/5 classicNoisedeck/bitEffects
[parity-gate] port done so far: 2/5 classicNoisedeck/caustic
[parity-gate] port done so far: 3/5 classicNoisedeck/cellNoise
[parity-gate] port done so far: 4/5 classicNoisedeck/cellRefract
[parity-gate] port done so far: 5/5 classicNoisedeck/coalesce
[parity-gate] compared so far: 1/5 classicNoisedeck/bitEffects EXACT
[parity-gate] compared so far: 2/5 classicNoisedeck/caustic EXACT
[parity-gate] compared so far: 3/5 classicNoisedeck/cellNoise EXACT
[parity-gate] compared so far: 4/5 classicNoisedeck/cellRefract EXACT
[parity-gate] compared so far: 5/5 classicNoisedeck/coalesce EXACT
[parity-gate] slice 0: executed=30/30 exact=30 tolerance=0 failed=0 missing=0 chromiumExit=0
[parity-gate] slice 5..9: launching headless Chromium (attempt 1)
[parity-gate] command: /Applications/Google Chrome.app/Contents/MacOS/Google Chrome --headless=new --no-sandbox --disable-dev-shm-usage --disable-background-networking --disable-component-update --disable-sync --no-first-run --no-default-browser-check --proxy-server=http://127.0.0.1:3129 --enable-logging=stderr --v=0 --remote-debugging-port=43124 --user-data-dir=/Users/alex/.local/state/scaffold-cloud/office/jobs/2f40fc7c-2b86-4a3b-815a-3532026003a3/repos/noisemaker-for-hydra/.gpu-run-fresh/chrome-profile-5 --disk-cache-dir=/Users/alex/.local/state/scaffold-cloud/office/jobs/2f40fc7c-2b86-4a3b-815a-3532026003a3/repos/noisemaker-for-hydra/.gpu-run-fresh/chrome-http-cache --disk-cache-size=524288000 about:blank
[parity-gate] navigate: http://127.0.0.1:43117/test/parity-gate/authority.html
[parity-gate] authority webgl: WebGL 2.0 (OpenGL ES 3.0 Chromium) / WebKit WebGL
[parity-gate] authority done so far: 1/5 classicNoisedeck/colorLab
[parity-gate] authority done so far: 2/5 classicNoisedeck/composite
[parity-gate] authority done so far: 3/5 classicNoisedeck/effects
[parity-gate] authority done so far: 4/5 classicNoisedeck/fractal
[parity-gate] authority done so far: 5/5 classicNoisedeck/glitch
[parity-gate] navigate: http://127.0.0.1:43117/test/parity-gate/port.html
[parity-gate] port done so far: 1/5 classicNoisedeck/colorLab
[parity-gate] port done so far: 2/5 classicNoisedeck/composite
[parity-gate] port done so far: 3/5 classicNoisedeck/effects
[parity-gate] port done so far: 4/5 classicNoisedeck/fractal
[parity-gate] port done so far: 5/5 classicNoisedeck/glitch
[parity-gate] compared so far: 1/5 classicNoisedeck/colorLab EXACT
[parity-gate] compared so far: 2/5 classicNoisedeck/composite EXACT
[parity-gate] compared so far: 3/5 classicNoisedeck/effects EXACT
[parity-gate] compared so far: 4/5 classicNoisedeck/fractal EXACT
[parity-gate] compared so far: 5/5 classicNoisedeck/glitch EXACT
[parity-gate] slice 5: executed=30/30 exact=30 tolerance=0 failed=0 missing=0 chromiumExit=0
[parity-gate] slice 10..14: launching headless Chromium (attempt 1)
[parity-gate] command: /Applications/Google Chrome.app/Contents/MacOS/Google Chrome --headless=new --no-sandbox --disable-dev-shm-usage --disable-background-networking --disable-component-update --disable-sync --no-first-run --no-default-browser-check --proxy-server=http://127.0.0.1:3129 --enable-logging=stderr --v=0 --remote-debugging-port=43121 --user-data-dir=/Users/alex/.local/state/scaffold-cloud/office/jobs/2f40fc7c-2b86-4a3b-815a-3532026003a3/repos/noisemaker-for-hydra/.gpu-run-fresh/chrome-profile-10 --disk-cache-dir=/Users/alex/.local/state/scaffold-cloud/office/jobs/2f40fc7c-2b86-4a3b-815a-3532026003a3/repos/noisemaker-for-hydra/.gpu-run-fresh/chrome-http-cache --disk-cache-size=524288000 about:blank
[parity-gate] navigate: http://127.0.0.1:43117/test/parity-gate/authority.html
[parity-gate] authority webgl: WebGL 2.0 (OpenGL ES 3.0 Chromium) / WebKit WebGL
[parity-gate] authority done so far: 1/5 classicNoisedeck/kaleido
[parity-gate] authority done so far: 2/5 classicNoisedeck/lensDistortion
[parity-gate] authority done so far: 3/5 classicNoisedeck/moodscape
[parity-gate] authority done so far: 4/5 classicNoisedeck/noise
[parity-gate] authority done so far: 5/5 classicNoisedeck/noise3d
[parity-gate] navigate: http://127.0.0.1:43117/test/parity-gate/port.html
[parity-gate] port done so far: 1/5 classicNoisedeck/kaleido
[parity-gate] port done so far: 2/5 classicNoisedeck/lensDistortion
[parity-gate] port done so far: 3/5 classicNoisedeck/moodscape
[parity-gate] port done so far: 4/5 classicNoisedeck/noise
[parity-gate] port done so far: 5/5 classicNoisedeck/noise3d
[parity-gate] compared so far: 1/5 classicNoisedeck/kaleido EXACT
[parity-gate] compared so far: 2/5 classicNoisedeck/lensDistortion EXACT
[parity-gate] compared so far: 3/5 classicNoisedeck/moodscape EXACT
[parity-gate] compared so far: 4/5 classicNoisedeck/noise EXACT
[parity-gate] compared so far: 5/5 classicNoisedeck/noise3d EXACT
[parity-gate] slice 10: executed=30/30 exact=30 tolerance=0 failed=0 missing=0 chromiumExit=0
[parity-gate] slice 15..19: launching headless Chromium (attempt 1)
[parity-gate] command: /Applications/Google Chrome.app/Contents/MacOS/Google Chrome --headless=new --no-sandbox --disable-dev-shm-usage --disable-background-networking --disable-component-update --disable-sync --no-first-run --no-default-browser-check --proxy-server=http://127.0.0.1:3129 --enable-logging=stderr --v=0 --remote-debugging-port=43126 --user-data-dir=/Users/alex/.local/state/scaffold-cloud/office/jobs/2f40fc7c-2b86-4a3b-815a-3532026003a3/repos/noisemaker-for-hydra/.gpu-run-fresh/chrome-profile-15 --disk-cache-dir=/Users/alex/.local/state/scaffold-cloud/office/jobs/2f40fc7c-2b86-4a3b-815a-3532026003a3/repos/noisemaker-for-hydra/.gpu-run-fresh/chrome-http-cache --disk-cache-size=524288000 about:blank
[parity-gate] navigate: http://127.0.0.1:43117/test/parity-gate/authority.html
[parity-gate] authority webgl: WebGL 2.0 (OpenGL ES 3.0 Chromium) / WebKit WebGL
[parity-gate] authority done so far: 1/5 classicNoisedeck/refract
[parity-gate] authority done so far: 2/5 classicNoisedeck/shapeMixer
[parity-gate] authority done so far: 3/5 classicNoisedeck/shapes
[parity-gate] authority done so far: 4/5 classicNoisedeck/shapes3d
[parity-gate] authority done so far: 5/5 classicNoisedeck/splat
[parity-gate] navigate: http://127.0.0.1:43117/test/parity-gate/port.html
[parity-gate] port done so far: 1/5 classicNoisedeck/refract
[parity-gate] port done so far: 2/5 classicNoisedeck/shapeMixer
[parity-gate] port done so far: 3/5 classicNoisedeck/shapes
[parity-gate] port done so far: 4/5 classicNoisedeck/shapes3d
[parity-gate] port done so far: 5/5 classicNoisedeck/splat
[parity-gate] compared so far: 1/5 classicNoisedeck/refract EXACT
[parity-gate] compared so far: 2/5 classicNoisedeck/shapeMixer EXACT
[parity-gate] compared so far: 3/5 classicNoisedeck/shapes EXACT
[parity-gate] compared so far: 4/5 classicNoisedeck/shapes3d EXACT
[parity-gate] compared so far: 5/5 classicNoisedeck/splat EXACT
[parity-gate] slice 15: executed=30/30 exact=30 tolerance=0 failed=0 missing=0 chromiumExit=0
[parity-gate] slice 20..24: launching headless Chromium (attempt 1)
[parity-gate] command: /Applications/Google Chrome.app/Contents/MacOS/Google Chrome --headless=new --no-sandbox --disable-dev-shm-usage --disable-background-networking --disable-component-update --disable-sync --no-first-run --no-default-browser-check --proxy-server=http://127.0.0.1:3129 --enable-logging=stderr --v=0 --remote-debugging-port=43123 --user-data-dir=/Users/alex/.local/state/scaffold-cloud/office/jobs/2f40fc7c-2b86-4a3b-815a-3532026003a3/repos/noisemaker-for-hydra/.gpu-run-fresh/chrome-profile-20 --disk-cache-dir=/Users/alex/.local/state/scaffold-cloud/office/jobs/2f40fc7c-2b86-4a3b-815a-3532026003a3/repos/noisemaker-for-hydra/.gpu-run-fresh/chrome-http-cache --disk-cache-size=524288000 about:blank
[parity-gate] navigate: http://127.0.0.1:43117/test/parity-gate/authority.html
[parity-gate] authority webgl: WebGL 2.0 (OpenGL ES 3.0 Chromium) / WebKit WebGL
[parity-gate] authority done so far: 1/5 filter/adjust
[parity-gate] authority done so far: 2/5 filter/bloom
[parity-gate] authority done so far: 3/5 filter/blur
[parity-gate] authority done so far: 4/5 filter/bulge
[parity-gate] authority done so far: 5/5 filter/celShading
[parity-gate] navigate: http://127.0.0.1:43117/test/parity-gate/port.html
[parity-gate] port done so far: 1/5 filter/adjust
[parity-gate] port done so far: 2/5 filter/bloom
[parity-gate] port done so far: 3/5 filter/blur
[parity-gate] port done so far: 4/5 filter/bulge
[parity-gate] port done so far: 5/5 filter/celShading
[parity-gate] compared so far: 1/5 filter/adjust EXACT
[parity-gate] compared so far: 2/5 filter/bloom EXACT
[parity-gate] compared so far: 3/5 filter/blur EXACT
[parity-gate] compared so far: 4/5 filter/bulge EXACT
[parity-gate] compared so far: 5/5 filter/celShading EXACT
[parity-gate] slice 20: executed=30/30 exact=30 tolerance=0 failed=0 missing=0 chromiumExit=0
[parity-gate] slice 25..29: launching headless Chromium (attempt 1)
[parity-gate] command: /Applications/Google Chrome.app/Contents/MacOS/Google Chrome --headless=new --no-sandbox --disable-dev-shm-usage --disable-background-networking --disable-component-update --disable-sync --no-first-run --no-default-browser-check --proxy-server=http://127.0.0.1:3129 --enable-logging=stderr --v=0 --remote-debugging-port=43119 --user-data-dir=/Users/alex/.local/state/scaffold-cloud/office/jobs/2f40fc7c-2b86-4a3b-815a-3532026003a3/repos/noisemaker-for-hydra/.gpu-run-fresh/chrome-profile-25 --disk-cache-dir=/Users/alex/.local/state/scaffold-cloud/office/jobs/2f40fc7c-2b86-4a3b-815a-3532026003a3/repos/noisemaker-for-hydra/.gpu-run-fresh/chrome-http-cache --disk-cache-size=524288000 about:blank
[parity-gate] navigate: http://127.0.0.1:43117/test/parity-gate/authority.html
[parity-gate] authority webgl: WebGL 2.0 (OpenGL ES 3.0 Chromium) / WebKit WebGL
[parity-gate] authority done so far: 1/5 filter/channel
[parity-gate] authority done so far: 2/5 filter/chroma
[parity-gate] authority done so far: 3/5 filter/chromaticAberration
[parity-gate] authority done so far: 4/5 filter/chrome
[parity-gate] authority done so far: 5/5 filter/clouds
[parity-gate] navigate: http://127.0.0.1:43117/test/parity-gate/port.html
[parity-gate] port done so far: 1/5 filter/channel
[parity-gate] port done so far: 2/5 filter/chroma
[parity-gate] port done so far: 3/5 filter/chromaticAberration
[parity-gate] port done so far: 4/5 filter/chrome
[parity-gate] port done so far: 5/5 filter/clouds
[parity-gate] compared so far: 1/5 filter/channel EXACT
[parity-gate] compared so far: 2/5 filter/chroma EXACT
[parity-gate] compared so far: 3/5 filter/chromaticAberration EXACT
[parity-gate] compared so far: 4/5 filter/chrome EXACT
[parity-gate] compared so far: 5/5 filter/clouds EXACT
[parity-gate] slice 25: executed=30/30 exact=30 tolerance=0 failed=0 missing=0 chromiumExit=0
[parity-gate] slice 30..34: launching headless Chromium (attempt 1)
[parity-gate] command: /Applications/Google Chrome.app/Contents/MacOS/Google Chrome --headless=new --no-sandbox --disable-dev-shm-usage --disable-background-networking --disable-component-update --disable-sync --no-first-run --no-default-browser-check --proxy-server=http://127.0.0.1:3129 --enable-logging=stderr --v=0 --remote-debugging-port=43125 --user-data-dir=/Users/alex/.local/state/scaffold-cloud/office/jobs/2f40fc7c-2b86-4a3b-815a-3532026003a3/repos/noisemaker-for-hydra/.gpu-run-fresh/chrome-profile-30 --disk-cache-dir=/Users/alex/.local/state/scaffold-cloud/office/jobs/2f40fc7c-2b86-4a3b-815a-3532026003a3/repos/noisemaker-for-hydra/.gpu-run-fresh/chrome-http-cache --disk-cache-size=524288000 about:blank
[parity-gate] navigate: http://127.0.0.1:43117/test/parity-gate/authority.html
[parity-gate] authority webgl: WebGL 2.0 (OpenGL ES 3.0 Chromium) / WebKit WebGL
[parity-gate] authority done so far: 1/5 filter/colorReplace
[parity-gate] authority done so far: 2/5 filter/convolutionFeedback
[parity-gate] authority done so far: 3/5 filter/corrupt
[parity-gate] authority done so far: 4/5 filter/craquelure
[parity-gate] authority done so far: 5/5 filter/crt
[parity-gate] navigate: http://127.0.0.1:43117/test/parity-gate/port.html
[parity-gate] port done so far: 1/5 filter/colorReplace
[parity-gate] port done so far: 2/5 filter/convolutionFeedback
[parity-gate] port done so far: 3/5 filter/corrupt
[parity-gate] port done so far: 4/5 filter/craquelure
[parity-gate] port done so far: 5/5 filter/crt
[parity-gate] compared so far: 1/5 filter/colorReplace EXACT
[parity-gate] compared so far: 2/5 filter/convolutionFeedback EXACT
[parity-gate] compared so far: 3/5 filter/corrupt EXACT
[parity-gate] compared so far: 4/5 filter/craquelure EXACT
[parity-gate] compared so far: 5/5 filter/crt EXACT
[parity-gate] slice 30: executed=30/30 exact=30 tolerance=0 failed=0 missing=0 chromiumExit=0
[parity-gate] slice 35..39: launching headless Chromium (attempt 1)
[parity-gate] command: /Applications/Google Chrome.app/Contents/MacOS/Google Chrome --headless=new --no-sandbox --disable-dev-shm-usage --disable-background-networking --disable-component-update --disable-sync --no-first-run --no-default-browser-check --proxy-server=http://127.0.0.1:3129 --enable-logging=stderr --v=0 --remote-debugging-port=43122 --user-data-dir=/Users/alex/.local/state/scaffold-cloud/office/jobs/2f40fc7c-2b86-4a3b-815a-3532026003a3/repos/noisemaker-for-hydra/.gpu-run-fresh/chrome-profile-35 --disk-cache-dir=/Users/alex/.local/state/scaffold-cloud/office/jobs/2f40fc7c-2b86-4a3b-815a-3532026003a3/repos/noisemaker-for-hydra/.gpu-run-fresh/chrome-http-cache --disk-cache-size=524288000 about:blank
[parity-gate] navigate: http://127.0.0.1:43117/test/parity-gate/authority.html
[parity-gate] authority webgl: WebGL 2.0 (OpenGL ES 3.0 Chromium) / WebKit WebGL
[parity-gate] authority done so far: 1/5 filter/degauss
[parity-gate] authority done so far: 2/5 filter/deriv
[parity-gate] authority done so far: 3/5 filter/directionalBlur
[parity-gate] authority done so far: 4/5 filter/dither
[parity-gate] authority done so far: 5/5 filter/edge
[parity-gate] navigate: http://127.0.0.1:43117/test/parity-gate/port.html
[parity-gate] port done so far: 1/5 filter/degauss
[parity-gate] port done so far: 2/5 filter/deriv
[parity-gate] port done so far: 3/5 filter/directionalBlur
[parity-gate] port done so far: 4/5 filter/dither
[parity-gate] port done so far: 5/5 filter/edge
[parity-gate] compared so far: 1/5 filter/degauss EXACT
[parity-gate] compared so far: 2/5 filter/deriv EXACT
[parity-gate] compared so far: 3/5 filter/directionalBlur EXACT
[parity-gate] compared so far: 4/5 filter/dither EXACT
[parity-gate] compared so far: 5/5 filter/edge EXACT
[parity-gate] slice 35: executed=30/30 exact=30 tolerance=0 failed=0 missing=0 chromiumExit=0
[parity-gate] slice 40..44: launching headless Chromium (attempt 1)
[parity-gate] command: /Applications/Google Chrome.app/Contents/MacOS/Google Chrome --headless=new --no-sandbox --disable-dev-shm-usage --disable-background-networking --disable-component-update --disable-sync --no-first-run --no-default-browser-check --proxy-server=http://127.0.0.1:3129 --enable-logging=stderr --v=0 --remote-debugging-port=43118 --user-data-dir=/Users/alex/.local/state/scaffold-cloud/office/jobs/2f40fc7c-2b86-4a3b-815a-3532026003a3/repos/noisemaker-for-hydra/.gpu-run-fresh/chrome-profile-40 --disk-cache-dir=/Users/alex/.local/state/scaffold-cloud/office/jobs/2f40fc7c-2b86-4a3b-815a-3532026003a3/repos/noisemaker-for-hydra/.gpu-run-fresh/chrome-http-cache --disk-cache-size=524288000 about:blank
[parity-gate] navigate: http://127.0.0.1:43117/test/parity-gate/authority.html
[parity-gate] authority webgl: WebGL 2.0 (OpenGL ES 3.0 Chromium) / WebKit WebGL
[parity-gate] authority done so far: 1/5 filter/emboss
[parity-gate] authority done so far: 2/5 filter/extrude
[parity-gate] authority done so far: 3/5 filter/feedback
[parity-gate] authority done so far: 4/5 filter/fibers
[parity-gate] authority done so far: 5/5 filter/flipMirror
[parity-gate] navigate: http://127.0.0.1:43117/test/parity-gate/port.html
[parity-gate] port done so far: 1/5 filter/emboss
[parity-gate] port done so far: 2/5 filter/extrude
[parity-gate] port done so far: 3/5 filter/feedback
[parity-gate] port done so far: 4/5 filter/fibers
[parity-gate] port done so far: 5/5 filter/flipMirror
[parity-gate] compared so far: 1/5 filter/emboss EXACT
[parity-gate] compared so far: 2/5 filter/extrude EXACT
[parity-gate] compared so far: 3/5 filter/feedback EXACT
[parity-gate] compared so far: 4/5 filter/fibers EXACT
[parity-gate] compared so far: 5/5 filter/flipMirror EXACT
[parity-gate] slice 40: executed=30/30 exact=30 tolerance=0 failed=0 missing=0 chromiumExit=0
[parity-gate] slice 45..49: launching headless Chromium (attempt 1)
[parity-gate] command: /Applications/Google Chrome.app/Contents/MacOS/Google Chrome --headless=new --no-sandbox --disable-dev-shm-usage --disable-background-networking --disable-component-update --disable-sync --no-first-run --no-default-browser-check --proxy-server=http://127.0.0.1:3129 --enable-logging=stderr --v=0 --remote-debugging-port=43124 --user-data-dir=/Users/alex/.local/state/scaffold-cloud/office/jobs/2f40fc7c-2b86-4a3b-815a-3532026003a3/repos/noisemaker-for-hydra/.gpu-run-fresh/chrome-profile-45 --disk-cache-dir=/Users/alex/.local/state/scaffold-cloud/office/jobs/2f40fc7c-2b86-4a3b-815a-3532026003a3/repos/noisemaker-for-hydra/.gpu-run-fresh/chrome-http-cache --disk-cache-size=524288000 about:blank
[parity-gate] navigate: http://127.0.0.1:43117/test/parity-gate/authority.html
[parity-gate] authority webgl: WebGL 2.0 (OpenGL ES 3.0 Chromium) / WebKit WebGL
[parity-gate] authority done so far: 1/5 filter/fxaa
[parity-gate] authority done so far: 2/5 filter/glowingEdge
[parity-gate] authority done so far: 3/5 filter/glyphMap
[parity-gate] authority done so far: 4/5 filter/grade
[parity-gate] authority done so far: 5/5 filter/grain
[parity-gate] navigate: http://127.0.0.1:43117/test/parity-gate/port.html
[parity-gate] port done so far: 1/5 filter/fxaa
[parity-gate] port done so far: 2/5 filter/glowingEdge
[parity-gate] port done so far: 3/5 filter/glyphMap
[parity-gate] port done so far: 4/5 filter/grade
[parity-gate] port done so far: 5/5 filter/grain
[parity-gate] compared so far: 1/5 filter/fxaa EXACT
[parity-gate] compared so far: 2/5 filter/glowingEdge EXACT
[parity-gate] compared so far: 3/5 filter/glyphMap EXACT
[parity-gate] compared so far: 4/5 filter/grade EXACT
[parity-gate] compared so far: 5/5 filter/grain EXACT
[parity-gate] slice 45: executed=30/30 exact=30 tolerance=0 failed=0 missing=0 chromiumExit=0
[parity-gate] slice 50..54: launching headless Chromium (attempt 1)
[parity-gate] command: /Applications/Google Chrome.app/Contents/MacOS/Google Chrome --headless=new --no-sandbox --disable-dev-shm-usage --disable-background-networking --disable-component-update --disable-sync --no-first-run --no-default-browser-check --proxy-server=http://127.0.0.1:3129 --enable-logging=stderr --v=0 --remote-debugging-port=43121 --user-data-dir=/Users/alex/.local/state/scaffold-cloud/office/jobs/2f40fc7c-2b86-4a3b-815a-3532026003a3/repos/noisemaker-for-hydra/.gpu-run-fresh/chrome-profile-50 --disk-cache-dir=/Users/alex/.local/state/scaffold-cloud/office/jobs/2f40fc7c-2b86-4a3b-815a-3532026003a3/repos/noisemaker-for-hydra/.gpu-run-fresh/chrome-http-cache --disk-cache-size=524288000 about:blank
[parity-gate] navigate: http://127.0.0.1:43117/test/parity-gate/authority.html
[parity-gate] authority webgl: WebGL 2.0 (OpenGL ES 3.0 Chromium) / WebKit WebGL
[parity-gate] authority done so far: 1/5 filter/grime
[parity-gate] authority done so far: 2/5 filter/halftone
[parity-gate] authority done so far: 3/5 filter/hatch
[parity-gate] authority done so far: 4/5 filter/highPass
[parity-gate] authority done so far: 5/5 filter/historicPalette
[parity-gate] navigate: http://127.0.0.1:43117/test/parity-gate/port.html
[parity-gate] port done so far: 1/5 filter/grime
[parity-gate] port done so far: 2/5 filter/halftone
[parity-gate] port done so far: 3/5 filter/hatch
[parity-gate] port done so far: 4/5 filter/highPass
[parity-gate] port done so far: 5/5 filter/historicPalette
[parity-gate] compared so far: 1/5 filter/grime EXACT
[parity-gate] compared so far: 2/5 filter/halftone EXACT
[parity-gate] compared so far: 3/5 filter/hatch EXACT
[parity-gate] compared so far: 4/5 filter/highPass EXACT
[parity-gate] compared so far: 5/5 filter/historicPalette EXACT
[parity-gate] slice 50: executed=30/30 exact=30 tolerance=0 failed=0 missing=0 chromiumExit=0
[parity-gate] slice 55..59: launching headless Chromium (attempt 1)
[parity-gate] command: /Applications/Google Chrome.app/Contents/MacOS/Google Chrome --headless=new --no-sandbox --disable-dev-shm-usage --disable-background-networking --disable-component-update --disable-sync --no-first-run --no-default-browser-check --proxy-server=http://127.0.0.1:3129 --enable-logging=stderr --v=0 --remote-debugging-port=43126 --user-data-dir=/Users/alex/.local/state/scaffold-cloud/office/jobs/2f40fc7c-2b86-4a3b-815a-3532026003a3/repos/noisemaker-for-hydra/.gpu-run-fresh/chrome-profile-55 --disk-cache-dir=/Users/alex/.local/state/scaffold-cloud/office/jobs/2f40fc7c-2b86-4a3b-815a-3532026003a3/repos/noisemaker-for-hydra/.gpu-run-fresh/chrome-http-cache --disk-cache-size=524288000 about:blank
[parity-gate] navigate: http://127.0.0.1:43117/test/parity-gate/authority.html
[parity-gate] authority webgl: WebGL 2.0 (OpenGL ES 3.0 Chromium) / WebKit WebGL
[parity-gate] authority done so far: 1/5 filter/invert
[parity-gate] authority done so far: 2/5 filter/lens
[parity-gate] authority done so far: 3/5 filter/lensFlare
[parity-gate] authority done so far: 4/5 filter/lensWarp
[parity-gate] authority done so far: 5/5 filter/lightLeak
[parity-gate] navigate: http://127.0.0.1:43117/test/parity-gate/port.html
[parity-gate] port done so far: 1/5 filter/invert
[parity-gate] port done so far: 2/5 filter/lens
[parity-gate] port done so far: 3/5 filter/lensFlare
[parity-gate] port done so far: 4/5 filter/lensWarp
[parity-gate] port done so far: 5/5 filter/lightLeak
[parity-gate] compared so far: 1/5 filter/invert EXACT
[parity-gate] compared so far: 2/5 filter/lens EXACT
[parity-gate] compared so far: 3/5 filter/lensFlare EXACT
[parity-gate] compared so far: 4/5 filter/lensWarp EXACT
[parity-gate] compared so far: 5/5 filter/lightLeak EXACT
[parity-gate] slice 55: executed=30/30 exact=30 tolerance=0 failed=0 missing=0 chromiumExit=0
[parity-gate] slice 60..64: launching headless Chromium (attempt 1)
[parity-gate] command: /Applications/Google Chrome.app/Contents/MacOS/Google Chrome --headless=new --no-sandbox --disable-dev-shm-usage --disable-background-networking --disable-component-update --disable-sync --no-first-run --no-default-browser-check --proxy-server=http://127.0.0.1:3129 --enable-logging=stderr --v=0 --remote-debugging-port=43123 --user-data-dir=/Users/alex/.local/state/scaffold-cloud/office/jobs/2f40fc7c-2b86-4a3b-815a-3532026003a3/repos/noisemaker-for-hydra/.gpu-run-fresh/chrome-profile-60 --disk-cache-dir=/Users/alex/.local/state/scaffold-cloud/office/jobs/2f40fc7c-2b86-4a3b-815a-3532026003a3/repos/noisemaker-for-hydra/.gpu-run-fresh/chrome-http-cache --disk-cache-size=524288000 about:blank
[parity-gate] navigate: http://127.0.0.1:43117/test/parity-gate/authority.html
[parity-gate] authority webgl: WebGL 2.0 (OpenGL ES 3.0 Chromium) / WebKit WebGL
[parity-gate] authority done so far: 1/5 filter/lighting
[parity-gate] authority done so far: 2/5 filter/lowPoly
[parity-gate] authority done so far: 3/5 filter/median
[parity-gate] authority done so far: 4/5 filter/morphology
[parity-gate] authority done so far: 5/5 filter/mosaicTiles
[parity-gate] navigate: http://127.0.0.1:43117/test/parity-gate/port.html
[parity-gate] port done so far: 1/5 filter/lighting
[parity-gate] port done so far: 2/5 filter/lowPoly
[parity-gate] port done so far: 3/5 filter/median
[parity-gate] port done so far: 4/5 filter/morphology
[parity-gate] port done so far: 5/5 filter/mosaicTiles
[parity-gate] compared so far: 1/5 filter/lighting EXACT
[parity-gate] compared so far: 2/5 filter/lowPoly EXACT
[parity-gate] compared so far: 3/5 filter/median EXACT
[parity-gate] compared so far: 4/5 filter/morphology EXACT
[parity-gate] compared so far: 5/5 filter/mosaicTiles EXACT
[parity-gate] slice 60: executed=30/30 exact=30 tolerance=0 failed=0 missing=0 chromiumExit=0
[parity-gate] slice 65..69: launching headless Chromium (attempt 1)
[parity-gate] command: /Applications/Google Chrome.app/Contents/MacOS/Google Chrome --headless=new --no-sandbox --disable-dev-shm-usage --disable-background-networking --disable-component-update --disable-sync --no-first-run --no-default-browser-check --proxy-server=http://127.0.0.1:3129 --enable-logging=stderr --v=0 --remote-debugging-port=43119 --user-data-dir=/Users/alex/.local/state/scaffold-cloud/office/jobs/2f40fc7c-2b86-4a3b-815a-3532026003a3/repos/noisemaker-for-hydra/.gpu-run-fresh/chrome-profile-65 --disk-cache-dir=/Users/alex/.local/state/scaffold-cloud/office/jobs/2f40fc7c-2b86-4a3b-815a-3532026003a3/repos/noisemaker-for-hydra/.gpu-run-fresh/chrome-http-cache --disk-cache-size=524288000 about:blank
[parity-gate] navigate: http://127.0.0.1:43117/test/parity-gate/authority.html
[parity-gate] authority webgl: WebGL 2.0 (OpenGL ES 3.0 Chromium) / WebKit WebGL
[parity-gate] authority done so far: 1/5 filter/motionBlur
[parity-gate] authority done so far: 2/5 filter/normalMap
[parity-gate] authority done so far: 3/5 filter/normalize
[parity-gate] authority done so far: 4/5 filter/octaveWarp
[parity-gate] authority done so far: 5/5 filter/oilPaint
[parity-gate] navigate: http://127.0.0.1:43117/test/parity-gate/port.html
[parity-gate] port done so far: 1/5 filter/motionBlur
[parity-gate] port done so far: 2/5 filter/normalMap
[parity-gate] port done so far: 3/5 filter/normalize
[parity-gate] port done so far: 4/5 filter/octaveWarp
[parity-gate] port done so far: 5/5 filter/oilPaint
[parity-gate] compared so far: 1/5 filter/motionBlur EXACT
[parity-gate] compared so far: 2/5 filter/normalMap EXACT
[parity-gate] compared so far: 3/5 filter/normalize EXACT
[parity-gate] compared so far: 4/5 filter/octaveWarp EXACT
[parity-gate] compared so far: 5/5 filter/oilPaint EXACT
[parity-gate] slice 65: executed=30/30 exact=30 tolerance=0 failed=0 missing=0 chromiumExit=0
[parity-gate] slice 70..74: launching headless Chromium (attempt 1)
[parity-gate] command: /Applications/Google Chrome.app/Contents/MacOS/Google Chrome --headless=new --no-sandbox --disable-dev-shm-usage --disable-background-networking --disable-component-update --disable-sync --no-first-run --no-default-browser-check --proxy-server=http://127.0.0.1:3129 --enable-logging=stderr --v=0 --remote-debugging-port=43125 --user-data-dir=/Users/alex/.local/state/scaffold-cloud/office/jobs/2f40fc7c-2b86-4a3b-815a-3532026003a3/repos/noisemaker-for-hydra/.gpu-run-fresh/chrome-profile-70 --disk-cache-dir=/Users/alex/.local/state/scaffold-cloud/office/jobs/2f40fc7c-2b86-4a3b-815a-3532026003a3/repos/noisemaker-for-hydra/.gpu-run-fresh/chrome-http-cache --disk-cache-size=524288000 about:blank
[parity-gate] navigate: http://127.0.0.1:43117/test/parity-gate/authority.html
[parity-gate] authority webgl: WebGL 2.0 (OpenGL ES 3.0 Chromium) / WebKit WebGL
[parity-gate] authority done so far: 1/5 filter/osd
[parity-gate] authority done so far: 2/5 filter/outline
[parity-gate] authority done so far: 3/5 filter/palette
[parity-gate] authority done so far: 4/5 filter/parallax
[parity-gate] authority done so far: 5/5 filter/patchwork
[parity-gate] navigate: http://127.0.0.1:43117/test/parity-gate/port.html
[parity-gate] port done so far: 1/5 filter/osd
[parity-gate] port done so far: 2/5 filter/outline
[parity-gate] port done so far: 3/5 filter/palette
[parity-gate] port done so far: 4/5 filter/parallax
[parity-gate] port done so far: 5/5 filter/patchwork
[parity-gate] compared so far: 1/5 filter/osd EXACT
[parity-gate] compared so far: 2/5 filter/outline EXACT
[parity-gate] compared so far: 3/5 filter/palette EXACT
[parity-gate] compared so far: 4/5 filter/parallax EXACT
[parity-gate] compared so far: 5/5 filter/patchwork EXACT
[parity-gate] slice 70: executed=30/30 exact=30 tolerance=0 failed=0 missing=0 chromiumExit=0
[parity-gate] slice 75..79: launching headless Chromium (attempt 1)
[parity-gate] command: /Applications/Google Chrome.app/Contents/MacOS/Google Chrome --headless=new --no-sandbox --disable-dev-shm-usage --disable-background-networking --disable-component-update --disable-sync --no-first-run --no-default-browser-check --proxy-server=http://127.0.0.1:3129 --enable-logging=stderr --v=0 --remote-debugging-port=43122 --user-data-dir=/Users/alex/.local/state/scaffold-cloud/office/jobs/2f40fc7c-2b86-4a3b-815a-3532026003a3/repos/noisemaker-for-hydra/.gpu-run-fresh/chrome-profile-75 --disk-cache-dir=/Users/alex/.local/state/scaffold-cloud/office/jobs/2f40fc7c-2b86-4a3b-815a-3532026003a3/repos/noisemaker-for-hydra/.gpu-run-fresh/chrome-http-cache --disk-cache-size=524288000 about:blank
[parity-gate] navigate: http://127.0.0.1:43117/test/parity-gate/authority.html
[parity-gate] authority webgl: WebGL 2.0 (OpenGL ES 3.0 Chromium) / WebKit WebGL
[parity-gate] authority done so far: 1/5 filter/photocopy
[parity-gate] authority done so far: 2/5 filter/pinch
[parity-gate] authority done so far: 3/5 filter/pixelSort
[parity-gate] authority done so far: 4/5 filter/pixels
[parity-gate] authority done so far: 5/5 filter/plasticWrap
[parity-gate] navigate: http://127.0.0.1:43117/test/parity-gate/port.html
[parity-gate] port done so far: 1/5 filter/photocopy
[parity-gate] port done so far: 2/5 filter/pinch
[parity-gate] port done so far: 3/5 filter/pixelSort
[parity-gate] port done so far: 4/5 filter/pixels
[parity-gate] port done so far: 5/5 filter/plasticWrap
[parity-gate] compared so far: 1/5 filter/photocopy EXACT
[parity-gate] compared so far: 2/5 filter/pinch EXACT
[parity-gate] compared so far: 3/5 filter/pixelSort EXACT
[parity-gate] compared so far: 4/5 filter/pixels EXACT
[parity-gate] compared so far: 5/5 filter/plasticWrap EXACT
[parity-gate] slice 75: executed=30/30 exact=30 tolerance=0 failed=0 missing=0 chromiumExit=0
[parity-gate] slice 80..84: launching headless Chromium (attempt 1)
[parity-gate] command: /Applications/Google Chrome.app/Contents/MacOS/Google Chrome --headless=new --no-sandbox --disable-dev-shm-usage --disable-background-networking --disable-component-update --disable-sync --no-first-run --no-default-browser-check --proxy-server=http://127.0.0.1:3129 --enable-logging=stderr --v=0 --remote-debugging-port=43118 --user-data-dir=/Users/alex/.local/state/scaffold-cloud/office/jobs/2f40fc7c-2b86-4a3b-815a-3532026003a3/repos/noisemaker-for-hydra/.gpu-run-fresh/chrome-profile-80 --disk-cache-dir=/Users/alex/.local/state/scaffold-cloud/office/jobs/2f40fc7c-2b86-4a3b-815a-3532026003a3/repos/noisemaker-for-hydra/.gpu-run-fresh/chrome-http-cache --disk-cache-size=524288000 about:blank
[parity-gate] navigate: http://127.0.0.1:43117/test/parity-gate/authority.html
[parity-gate] authority webgl: WebGL 2.0 (OpenGL ES 3.0 Chromium) / WebKit WebGL
[parity-gate] authority done so far: 1/5 filter/polar
[parity-gate] authority done so far: 2/5 filter/pondRipples
[parity-gate] authority done so far: 3/5 filter/posterize
[parity-gate] authority done so far: 4/5 filter/prismaticAberration
[parity-gate] authority done so far: 5/5 filter/reindex
[parity-gate] navigate: http://127.0.0.1:43117/test/parity-gate/port.html
[parity-gate] port done so far: 1/5 filter/polar
[parity-gate] port done so far: 2/5 filter/pondRipples
[parity-gate] port done so far: 3/5 filter/posterize
[parity-gate] port done so far: 4/5 filter/prismaticAberration
[parity-gate] port done so far: 5/5 filter/reindex
[parity-gate] compared so far: 1/5 filter/polar EXACT
[parity-gate] compared so far: 2/5 filter/pondRipples EXACT
[parity-gate] compared so far: 3/5 filter/posterize EXACT
[parity-gate] compared so far: 4/5 filter/prismaticAberration EXACT
[parity-gate] compared so far: 5/5 filter/reindex EXACT
[parity-gate] slice 80: executed=30/30 exact=30 tolerance=0 failed=0 missing=0 chromiumExit=0
[parity-gate] slice 85..89: launching headless Chromium (attempt 1)
[parity-gate] command: /Applications/Google Chrome.app/Contents/MacOS/Google Chrome --headless=new --no-sandbox --disable-dev-shm-usage --disable-background-networking --disable-component-update --disable-sync --no-first-run --no-default-browser-check --proxy-server=http://127.0.0.1:3129 --enable-logging=stderr --v=0 --remote-debugging-port=43124 --user-data-dir=/Users/alex/.local/state/scaffold-cloud/office/jobs/2f40fc7c-2b86-4a3b-815a-3532026003a3/repos/noisemaker-for-hydra/.gpu-run-fresh/chrome-profile-85 --disk-cache-dir=/Users/alex/.local/state/scaffold-cloud/office/jobs/2f40fc7c-2b86-4a3b-815a-3532026003a3/repos/noisemaker-for-hydra/.gpu-run-fresh/chrome-http-cache --disk-cache-size=524288000 about:blank
[parity-gate] navigate: http://127.0.0.1:43117/test/parity-gate/authority.html
[parity-gate] authority webgl: WebGL 2.0 (OpenGL ES 3.0 Chromium) / WebKit WebGL
[parity-gate] authority done so far: 1/5 filter/relief
[parity-gate] authority done so far: 2/5 filter/repeat
[parity-gate] authority done so far: 3/5 filter/reverb
[parity-gate] authority done so far: 4/5 filter/ridge
[parity-gate] authority done so far: 5/5 filter/rotate
[parity-gate] navigate: http://127.0.0.1:43117/test/parity-gate/port.html
[parity-gate] port done so far: 1/5 filter/relief
[parity-gate] port done so far: 2/5 filter/repeat
[parity-gate] port done so far: 3/5 filter/reverb
[parity-gate] port done so far: 4/5 filter/ridge
[parity-gate] port done so far: 5/5 filter/rotate
[parity-gate] compared so far: 1/5 filter/relief EXACT
[parity-gate] compared so far: 2/5 filter/repeat EXACT
[parity-gate] compared so far: 3/5 filter/reverb EXACT
[parity-gate] compared so far: 4/5 filter/ridge EXACT
[parity-gate] compared so far: 5/5 filter/rotate EXACT
[parity-gate] slice 85: executed=30/30 exact=30 tolerance=0 failed=0 missing=0 chromiumExit=0
[parity-gate] slice 90..94: launching headless Chromium (attempt 1)
[parity-gate] command: /Applications/Google Chrome.app/Contents/MacOS/Google Chrome --headless=new --no-sandbox --disable-dev-shm-usage --disable-background-networking --disable-component-update --disable-sync --no-first-run --no-default-browser-check --proxy-server=http://127.0.0.1:3129 --enable-logging=stderr --v=0 --remote-debugging-port=43121 --user-data-dir=/Users/alex/.local/state/scaffold-cloud/office/jobs/2f40fc7c-2b86-4a3b-815a-3532026003a3/repos/noisemaker-for-hydra/.gpu-run-fresh/chrome-profile-90 --disk-cache-dir=/Users/alex/.local/state/scaffold-cloud/office/jobs/2f40fc7c-2b86-4a3b-815a-3532026003a3/repos/noisemaker-for-hydra/.gpu-run-fresh/chrome-http-cache --disk-cache-size=524288000 about:blank
[parity-gate] navigate: http://127.0.0.1:43117/test/parity-gate/authority.html
[parity-gate] authority webgl: WebGL 2.0 (OpenGL ES 3.0 Chromium) / WebKit WebGL
[parity-gate] authority done so far: 1/5 filter/scale
[parity-gate] authority done so far: 2/5 filter/scanlineError
[parity-gate] authority done so far: 3/5 filter/scatter
[parity-gate] authority done so far: 4/5 filter/scratches
[parity-gate] authority done so far: 5/5 filter/scroll
[parity-gate] navigate: http://127.0.0.1:43117/test/parity-gate/port.html
[parity-gate] port done so far: 1/5 filter/scale
[parity-gate] port done so far: 2/5 filter/scanlineError
[parity-gate] port done so far: 3/5 filter/scatter
[parity-gate] port done so far: 4/5 filter/scratches
[parity-gate] port done so far: 5/5 filter/scroll
[parity-gate] compared so far: 1/5 filter/scale EXACT
[parity-gate] compared so far: 2/5 filter/scanlineError EXACT
[parity-gate] compared so far: 3/5 filter/scatter EXACT
[parity-gate] compared so far: 4/5 filter/scratches EXACT
[parity-gate] compared so far: 5/5 filter/scroll EXACT
[parity-gate] slice 90: executed=30/30 exact=30 tolerance=0 failed=0 missing=0 chromiumExit=0
[parity-gate] slice 95..99: launching headless Chromium (attempt 1)
[parity-gate] command: /Applications/Google Chrome.app/Contents/MacOS/Google Chrome --headless=new --no-sandbox --disable-dev-shm-usage --disable-background-networking --disable-component-update --disable-sync --no-first-run --no-default-browser-check --proxy-server=http://127.0.0.1:3129 --enable-logging=stderr --v=0 --remote-debugging-port=43126 --user-data-dir=/Users/alex/.local/state/scaffold-cloud/office/jobs/2f40fc7c-2b86-4a3b-815a-3532026003a3/repos/noisemaker-for-hydra/.gpu-run-fresh/chrome-profile-95 --disk-cache-dir=/Users/alex/.local/state/scaffold-cloud/office/jobs/2f40fc7c-2b86-4a3b-815a-3532026003a3/repos/noisemaker-for-hydra/.gpu-run-fresh/chrome-http-cache --disk-cache-size=524288000 about:blank
[parity-gate] navigate: http://127.0.0.1:43117/test/parity-gate/authority.html
[parity-gate] authority webgl: WebGL 2.0 (OpenGL ES 3.0 Chromium) / WebKit WebGL
[parity-gate] authority done so far: 1/5 filter/seamless
[parity-gate] authority done so far: 2/5 filter/sharpen
[parity-gate] authority done so far: 3/5 filter/simpleAberration
[parity-gate] authority done so far: 4/5 filter/sine
[parity-gate] authority done so far: 5/5 filter/skew
[parity-gate] navigate: http://127.0.0.1:43117/test/parity-gate/port.html
[parity-gate] port done so far: 1/5 filter/seamless
[parity-gate] port done so far: 2/5 filter/sharpen
[parity-gate] port done so far: 3/5 filter/simpleAberration
[parity-gate] port done so far: 4/5 filter/sine
[parity-gate] port done so far: 5/5 filter/skew
[parity-gate] compared so far: 1/5 filter/seamless EXACT
[parity-gate] compared so far: 2/5 filter/sharpen EXACT
[parity-gate] compared so far: 3/5 filter/simpleAberration EXACT
[parity-gate] compared so far: 4/5 filter/sine EXACT
[parity-gate] compared so far: 5/5 filter/skew EXACT
[parity-gate] slice 95: executed=30/30 exact=30 tolerance=0 failed=0 missing=0 chromiumExit=0
[parity-gate] slice 100..104: launching headless Chromium (attempt 1)
[parity-gate] command: /Applications/Google Chrome.app/Contents/MacOS/Google Chrome --headless=new --no-sandbox --disable-dev-shm-usage --disable-background-networking --disable-component-update --disable-sync --no-first-run --no-default-browser-check --proxy-server=http://127.0.0.1:3129 --enable-logging=stderr --v=0 --remote-debugging-port=43123 --user-data-dir=/Users/alex/.local/state/scaffold-cloud/office/jobs/2f40fc7c-2b86-4a3b-815a-3532026003a3/repos/noisemaker-for-hydra/.gpu-run-fresh/chrome-profile-100 --disk-cache-dir=/Users/alex/.local/state/scaffold-cloud/office/jobs/2f40fc7c-2b86-4a3b-815a-3532026003a3/repos/noisemaker-for-hydra/.gpu-run-fresh/chrome-http-cache --disk-cache-size=524288000 about:blank
[parity-gate] navigate: http://127.0.0.1:43117/test/parity-gate/authority.html
[parity-gate] authority webgl: WebGL 2.0 (OpenGL ES 3.0 Chromium) / WebKit WebGL
[parity-gate] authority done so far: 1/5 filter/smooth
[parity-gate] authority done so far: 2/5 filter/smoothstep
[parity-gate] authority done so far: 3/5 filter/snow
[parity-gate] authority done so far: 4/5 filter/sobel
[parity-gate] authority done so far: 5/5 filter/spatter
[parity-gate] navigate: http://127.0.0.1:43117/test/parity-gate/port.html
[parity-gate] port done so far: 1/5 filter/smooth
[parity-gate] port done so far: 2/5 filter/smoothstep
[parity-gate] port done so far: 3/5 filter/snow
[parity-gate] port done so far: 4/5 filter/sobel
[parity-gate] port done so far: 5/5 filter/spatter
[parity-gate] compared so far: 1/5 filter/smooth EXACT
[parity-gate] compared so far: 2/5 filter/smoothstep EXACT
[parity-gate] compared so far: 3/5 filter/snow EXACT
[parity-gate] compared so far: 4/5 filter/sobel EXACT
[parity-gate] compared so far: 5/5 filter/spatter EXACT
[parity-gate] slice 100: executed=30/30 exact=30 tolerance=0 failed=0 missing=0 chromiumExit=0
[parity-gate] slice 105..109: launching headless Chromium (attempt 1)
[parity-gate] command: /Applications/Google Chrome.app/Contents/MacOS/Google Chrome --headless=new --no-sandbox --disable-dev-shm-usage --disable-background-networking --disable-component-update --disable-sync --no-first-run --no-default-browser-check --proxy-server=http://127.0.0.1:3129 --enable-logging=stderr --v=0 --remote-debugging-port=43119 --user-data-dir=/Users/alex/.local/state/scaffold-cloud/office/jobs/2f40fc7c-2b86-4a3b-815a-3532026003a3/repos/noisemaker-for-hydra/.gpu-run-fresh/chrome-profile-105 --disk-cache-dir=/Users/alex/.local/state/scaffold-cloud/office/jobs/2f40fc7c-2b86-4a3b-815a-3532026003a3/repos/noisemaker-for-hydra/.gpu-run-fresh/chrome-http-cache --disk-cache-size=524288000 about:blank
[parity-gate] navigate: http://127.0.0.1:43117/test/parity-gate/authority.html
[parity-gate] authority webgl: WebGL 2.0 (OpenGL ES 3.0 Chromium) / WebKit WebGL
[parity-gate] authority done so far: 1/5 filter/spinBlur
[parity-gate] authority done so far: 2/5 filter/spiral
[parity-gate] authority done so far: 3/5 filter/spookyTicker
[parity-gate] authority done so far: 4/5 filter/stamp
[parity-gate] authority done so far: 5/5 filter/step
[parity-gate] navigate: http://127.0.0.1:43117/test/parity-gate/port.html
[parity-gate] port done so far: 1/5 filter/spinBlur
[parity-gate] port done so far: 2/5 filter/spiral
[parity-gate] port done so far: 3/5 filter/spookyTicker
[parity-gate] port done so far: 4/5 filter/stamp
[parity-gate] port done so far: 5/5 filter/step
[parity-gate] compared so far: 1/5 filter/spinBlur EXACT
[parity-gate] compared so far: 2/5 filter/spiral EXACT
[parity-gate] compared so far: 3/5 filter/spookyTicker EXACT
[parity-gate] compared so far: 4/5 filter/stamp EXACT
[parity-gate] compared so far: 5/5 filter/step EXACT
[parity-gate] slice 105: executed=30/30 exact=30 tolerance=0 failed=0 missing=0 chromiumExit=0
[parity-gate] slice 110..114: launching headless Chromium (attempt 1)
[parity-gate] command: /Applications/Google Chrome.app/Contents/MacOS/Google Chrome --headless=new --no-sandbox --disable-dev-shm-usage --disable-background-networking --disable-component-update --disable-sync --no-first-run --no-default-browser-check --proxy-server=http://127.0.0.1:3129 --enable-logging=stderr --v=0 --remote-debugging-port=43125 --user-data-dir=/Users/alex/.local/state/scaffold-cloud/office/jobs/2f40fc7c-2b86-4a3b-815a-3532026003a3/repos/noisemaker-for-hydra/.gpu-run-fresh/chrome-profile-110 --disk-cache-dir=/Users/alex/.local/state/scaffold-cloud/office/jobs/2f40fc7c-2b86-4a3b-815a-3532026003a3/repos/noisemaker-for-hydra/.gpu-run-fresh/chrome-http-cache --disk-cache-size=524288000 about:blank
[parity-gate] navigate: http://127.0.0.1:43117/test/parity-gate/authority.html
[parity-gate] authority webgl: WebGL 2.0 (OpenGL ES 3.0 Chromium) / WebKit WebGL
[parity-gate] authority done so far: 1/5 filter/stipple
[parity-gate] authority done so far: 2/5 filter/strayHair
[parity-gate] authority done so far: 3/5 filter/strokes
[parity-gate] authority done so far: 4/5 filter/temporalAberration
[parity-gate] authority done so far: 5/5 filter/tetraColorArray
[parity-gate] navigate: http://127.0.0.1:43117/test/parity-gate/port.html
[parity-gate] port done so far: 1/5 filter/stipple
[parity-gate] port done so far: 2/5 filter/strayHair
[parity-gate] port done so far: 3/5 filter/strokes
[parity-gate] port done so far: 4/5 filter/temporalAberration
[parity-gate] port done so far: 5/5 filter/tetraColorArray
[parity-gate] compared so far: 1/5 filter/stipple EXACT
[parity-gate] compared so far: 2/5 filter/strayHair EXACT
[parity-gate] compared so far: 3/5 filter/strokes EXACT
[parity-gate] compared so far: 4/5 filter/temporalAberration EXACT
[parity-gate] compared so far: 5/5 filter/tetraColorArray EXACT
[parity-gate] slice 110: executed=30/30 exact=30 tolerance=0 failed=0 missing=0 chromiumExit=0
[parity-gate] slice 115..119: launching headless Chromium (attempt 1)
[parity-gate] command: /Applications/Google Chrome.app/Contents/MacOS/Google Chrome --headless=new --no-sandbox --disable-dev-shm-usage --disable-background-networking --disable-component-update --disable-sync --no-first-run --no-default-browser-check --proxy-server=http://127.0.0.1:3129 --enable-logging=stderr --v=0 --remote-debugging-port=43122 --user-data-dir=/Users/alex/.local/state/scaffold-cloud/office/jobs/2f40fc7c-2b86-4a3b-815a-3532026003a3/repos/noisemaker-for-hydra/.gpu-run-fresh/chrome-profile-115 --disk-cache-dir=/Users/alex/.local/state/scaffold-cloud/office/jobs/2f40fc7c-2b86-4a3b-815a-3532026003a3/repos/noisemaker-for-hydra/.gpu-run-fresh/chrome-http-cache --disk-cache-size=524288000 about:blank
[parity-gate] navigate: http://127.0.0.1:43117/test/parity-gate/authority.html
[parity-gate] authority webgl: WebGL 2.0 (OpenGL ES 3.0 Chromium) / WebKit WebGL
[parity-gate] authority done so far: 1/5 filter/tetraCosine
[parity-gate] authority done so far: 2/5 filter/text
[parity-gate] authority done so far: 3/5 filter/texture
[parity-gate] authority done so far: 4/5 filter/threshold
[parity-gate] authority done so far: 5/5 filter/tile
[parity-gate] navigate: http://127.0.0.1:43117/test/parity-gate/port.html
[parity-gate] port done so far: 1/5 filter/tetraCosine
[parity-gate] port done so far: 2/5 filter/text
[parity-gate] port done so far: 3/5 filter/texture
[parity-gate] port done so far: 4/5 filter/threshold
[parity-gate] port done so far: 5/5 filter/tile
[parity-gate] compared so far: 1/5 filter/tetraCosine EXACT
[parity-gate] compared so far: 2/5 filter/text EXACT
[parity-gate] compared so far: 3/5 filter/texture EXACT
[parity-gate] compared so far: 4/5 filter/threshold EXACT
[parity-gate] compared so far: 5/5 filter/tile EXACT
[parity-gate] slice 115: executed=30/30 exact=30 tolerance=0 failed=0 missing=0 chromiumExit=0
[parity-gate] slice 120..124: launching headless Chromium (attempt 1)
[parity-gate] command: /Applications/Google Chrome.app/Contents/MacOS/Google Chrome --headless=new --no-sandbox --disable-dev-shm-usage --disable-background-networking --disable-component-update --disable-sync --no-first-run --no-default-browser-check --proxy-server=http://127.0.0.1:3129 --enable-logging=stderr --v=0 --remote-debugging-port=43118 --user-data-dir=/Users/alex/.local/state/scaffold-cloud/office/jobs/2f40fc7c-2b86-4a3b-815a-3532026003a3/repos/noisemaker-for-hydra/.gpu-run-fresh/chrome-profile-120 --disk-cache-dir=/Users/alex/.local/state/scaffold-cloud/office/jobs/2f40fc7c-2b86-4a3b-815a-3532026003a3/repos/noisemaker-for-hydra/.gpu-run-fresh/chrome-http-cache --disk-cache-size=524288000 about:blank
[parity-gate] navigate: http://127.0.0.1:43117/test/parity-gate/authority.html
[parity-gate] authority webgl: WebGL 2.0 (OpenGL ES 3.0 Chromium) / WebKit WebGL
[parity-gate] authority done so far: 1/5 filter/tint
[parity-gate] authority done so far: 2/5 filter/translate
[parity-gate] authority done so far: 3/5 filter/tunnel
[parity-gate] authority done so far: 4/5 filter/unsharpMask
[parity-gate] authority done so far: 5/5 filter/vaseline
[parity-gate] navigate: http://127.0.0.1:43117/test/parity-gate/port.html
[parity-gate] port done so far: 1/5 filter/tint
[parity-gate] port done so far: 2/5 filter/translate
[parity-gate] port done so far: 3/5 filter/tunnel
[parity-gate] port done so far: 4/5 filter/unsharpMask
[parity-gate] port done so far: 5/5 filter/vaseline
[parity-gate] compared so far: 1/5 filter/tint EXACT
[parity-gate] compared so far: 2/5 filter/translate EXACT
[parity-gate] compared so far: 3/5 filter/tunnel EXACT
[parity-gate] compared so far: 4/5 filter/unsharpMask EXACT
[parity-gate] compared so far: 5/5 filter/vaseline EXACT
[parity-gate] slice 120: executed=30/30 exact=30 tolerance=0 failed=0 missing=0 chromiumExit=0
[parity-gate] slice 125..129: launching headless Chromium (attempt 1)
[parity-gate] command: /Applications/Google Chrome.app/Contents/MacOS/Google Chrome --headless=new --no-sandbox --disable-dev-shm-usage --disable-background-networking --disable-component-update --disable-sync --no-first-run --no-default-browser-check --proxy-server=http://127.0.0.1:3129 --enable-logging=stderr --v=0 --remote-debugging-port=43124 --user-data-dir=/Users/alex/.local/state/scaffold-cloud/office/jobs/2f40fc7c-2b86-4a3b-815a-3532026003a3/repos/noisemaker-for-hydra/.gpu-run-fresh/chrome-profile-125 --disk-cache-dir=/Users/alex/.local/state/scaffold-cloud/office/jobs/2f40fc7c-2b86-4a3b-815a-3532026003a3/repos/noisemaker-for-hydra/.gpu-run-fresh/chrome-http-cache --disk-cache-size=524288000 about:blank
[parity-gate] navigate: http://127.0.0.1:43117/test/parity-gate/authority.html
[parity-gate] authority webgl: WebGL 2.0 (OpenGL ES 3.0 Chromium) / WebKit WebGL
[parity-gate] authority done so far: 1/5 filter/vignette
[parity-gate] authority done so far: 2/5 filter/warp
[parity-gate] authority done so far: 3/5 filter/watercolor
[parity-gate] authority done so far: 4/5 filter/waves
[parity-gate] authority done so far: 5/5 filter/wind
[parity-gate] navigate: http://127.0.0.1:43117/test/parity-gate/port.html
[parity-gate] port done so far: 1/5 filter/vignette
[parity-gate] port done so far: 2/5 filter/warp
[parity-gate] port done so far: 3/5 filter/watercolor
[parity-gate] port done so far: 4/5 filter/waves
[parity-gate] port done so far: 5/5 filter/wind
[parity-gate] compared so far: 1/5 filter/vignette EXACT
[parity-gate] compared so far: 2/5 filter/warp EXACT
[parity-gate] compared so far: 3/5 filter/watercolor EXACT
[parity-gate] compared so far: 4/5 filter/waves EXACT
[parity-gate] compared so far: 5/5 filter/wind EXACT
[parity-gate] slice 125: executed=30/30 exact=30 tolerance=0 failed=0 missing=0 chromiumExit=0
[parity-gate] slice 130..134: launching headless Chromium (attempt 1)
[parity-gate] command: /Applications/Google Chrome.app/Contents/MacOS/Google Chrome --headless=new --no-sandbox --disable-dev-shm-usage --disable-background-networking --disable-component-update --disable-sync --no-first-run --no-default-browser-check --proxy-server=http://127.0.0.1:3129 --enable-logging=stderr --v=0 --remote-debugging-port=43121 --user-data-dir=/Users/alex/.local/state/scaffold-cloud/office/jobs/2f40fc7c-2b86-4a3b-815a-3532026003a3/repos/noisemaker-for-hydra/.gpu-run-fresh/chrome-profile-130 --disk-cache-dir=/Users/alex/.local/state/scaffold-cloud/office/jobs/2f40fc7c-2b86-4a3b-815a-3532026003a3/repos/noisemaker-for-hydra/.gpu-run-fresh/chrome-http-cache --disk-cache-size=524288000 about:blank
[parity-gate] navigate: http://127.0.0.1:43117/test/parity-gate/authority.html
[parity-gate] authority webgl: WebGL 2.0 (OpenGL ES 3.0 Chromium) / WebKit WebGL
[parity-gate] authority done so far: 1/5 filter/wobble
[parity-gate] authority done so far: 2/5 filter/wormhole
[parity-gate] authority done so far: 3/5 filter/zoomBlur
[parity-gate] authority done so far: 4/5 filter3d/flow3d
[parity-gate] authority done so far: 5/5 filter3d/palette3d
[parity-gate] navigate: http://127.0.0.1:43117/test/parity-gate/port.html
[parity-gate] port done so far: 1/5 filter/wobble
[parity-gate] port done so far: 2/5 filter/wormhole
[parity-gate] port done so far: 3/5 filter/zoomBlur
[parity-gate] port done so far: 4/5 filter3d/flow3d
[parity-gate] port done so far: 5/5 filter3d/palette3d
[parity-gate] compared so far: 1/5 filter/wobble EXACT
[parity-gate] compared so far: 2/5 filter/wormhole EXACT
[parity-gate] compared so far: 3/5 filter/zoomBlur EXACT
[parity-gate] compared so far: 4/5 filter3d/flow3d EXACT
[parity-gate] compared so far: 5/5 filter3d/palette3d EXACT
[parity-gate] slice 130: executed=30/30 exact=30 tolerance=0 failed=0 missing=0 chromiumExit=0
[parity-gate] slice 135..139: launching headless Chromium (attempt 1)
[parity-gate] command: /Applications/Google Chrome.app/Contents/MacOS/Google Chrome --headless=new --no-sandbox --disable-dev-shm-usage --disable-background-networking --disable-component-update --disable-sync --no-first-run --no-default-browser-check --proxy-server=http://127.0.0.1:3129 --enable-logging=stderr --v=0 --remote-debugging-port=43126 --user-data-dir=/Users/alex/.local/state/scaffold-cloud/office/jobs/2f40fc7c-2b86-4a3b-815a-3532026003a3/repos/noisemaker-for-hydra/.gpu-run-fresh/chrome-profile-135 --disk-cache-dir=/Users/alex/.local/state/scaffold-cloud/office/jobs/2f40fc7c-2b86-4a3b-815a-3532026003a3/repos/noisemaker-for-hydra/.gpu-run-fresh/chrome-http-cache --disk-cache-size=524288000 about:blank
[parity-gate] navigate: http://127.0.0.1:43117/test/parity-gate/authority.html
[parity-gate] authority webgl: WebGL 2.0 (OpenGL ES 3.0 Chromium) / WebKit WebGL
[parity-gate] authority done so far: 1/5 mixer/alphaMask
[parity-gate] authority done so far: 2/5 mixer/applyMode
[parity-gate] authority done so far: 3/5 mixer/blendMode
[parity-gate] authority done so far: 4/5 mixer/cellSplit
[parity-gate] authority done so far: 5/5 mixer/centerMask
[parity-gate] navigate: http://127.0.0.1:43117/test/parity-gate/port.html
[parity-gate] port done so far: 1/5 mixer/alphaMask
[parity-gate] port done so far: 2/5 mixer/applyMode
[parity-gate] port done so far: 3/5 mixer/blendMode
[parity-gate] port done so far: 4/5 mixer/cellSplit
[parity-gate] port done so far: 5/5 mixer/centerMask
[parity-gate] compared so far: 1/5 mixer/alphaMask EXACT
[parity-gate] compared so far: 2/5 mixer/applyMode EXACT
[parity-gate] compared so far: 3/5 mixer/blendMode EXACT
[parity-gate] compared so far: 4/5 mixer/cellSplit EXACT
[parity-gate] compared so far: 5/5 mixer/centerMask EXACT
[parity-gate] slice 135: executed=30/30 exact=30 tolerance=0 failed=0 missing=0 chromiumExit=0
[parity-gate] slice 140..144: launching headless Chromium (attempt 1)
[parity-gate] command: /Applications/Google Chrome.app/Contents/MacOS/Google Chrome --headless=new --no-sandbox --disable-dev-shm-usage --disable-background-networking --disable-component-update --disable-sync --no-first-run --no-default-browser-check --proxy-server=http://127.0.0.1:3129 --enable-logging=stderr --v=0 --remote-debugging-port=43123 --user-data-dir=/Users/alex/.local/state/scaffold-cloud/office/jobs/2f40fc7c-2b86-4a3b-815a-3532026003a3/repos/noisemaker-for-hydra/.gpu-run-fresh/chrome-profile-140 --disk-cache-dir=/Users/alex/.local/state/scaffold-cloud/office/jobs/2f40fc7c-2b86-4a3b-815a-3532026003a3/repos/noisemaker-for-hydra/.gpu-run-fresh/chrome-http-cache --disk-cache-size=524288000 about:blank
[parity-gate] navigate: http://127.0.0.1:43117/test/parity-gate/authority.html
[parity-gate] authority webgl: WebGL 2.0 (OpenGL ES 3.0 Chromium) / WebKit WebGL
[parity-gate] authority done so far: 1/5 mixer/channelCombine
[parity-gate] authority done so far: 2/5 mixer/distortion
[parity-gate] authority done so far: 3/5 mixer/focusBlur
[parity-gate] authority done so far: 4/5 mixer/mashup
[parity-gate] authority done so far: 5/5 mixer/patternMix
[parity-gate] navigate: http://127.0.0.1:43117/test/parity-gate/port.html
[parity-gate] port done so far: 1/5 mixer/channelCombine
[parity-gate] port done so far: 2/5 mixer/distortion
[parity-gate] port done so far: 3/5 mixer/focusBlur
[parity-gate] port done so far: 4/5 mixer/mashup
[parity-gate] port done so far: 5/5 mixer/patternMix
[parity-gate] compared so far: 1/5 mixer/channelCombine EXACT
[parity-gate] compared so far: 2/5 mixer/distortion EXACT
[parity-gate] compared so far: 3/5 mixer/focusBlur EXACT
[parity-gate] compared so far: 4/5 mixer/mashup EXACT
[parity-gate] compared so far: 5/5 mixer/patternMix EXACT
[parity-gate] slice 140: executed=30/30 exact=30 tolerance=0 failed=0 missing=0 chromiumExit=0
[parity-gate] slice 145..149: launching headless Chromium (attempt 1)
[parity-gate] command: /Applications/Google Chrome.app/Contents/MacOS/Google Chrome --headless=new --no-sandbox --disable-dev-shm-usage --disable-background-networking --disable-component-update --disable-sync --no-first-run --no-default-browser-check --proxy-server=http://127.0.0.1:3129 --enable-logging=stderr --v=0 --remote-debugging-port=43119 --user-data-dir=/Users/alex/.local/state/scaffold-cloud/office/jobs/2f40fc7c-2b86-4a3b-815a-3532026003a3/repos/noisemaker-for-hydra/.gpu-run-fresh/chrome-profile-145 --disk-cache-dir=/Users/alex/.local/state/scaffold-cloud/office/jobs/2f40fc7c-2b86-4a3b-815a-3532026003a3/repos/noisemaker-for-hydra/.gpu-run-fresh/chrome-http-cache --disk-cache-size=524288000 about:blank
[parity-gate] navigate: http://127.0.0.1:43117/test/parity-gate/authority.html
[parity-gate] authority webgl: WebGL 2.0 (OpenGL ES 3.0 Chromium) / WebKit WebGL
[parity-gate] authority done so far: 1/5 mixer/shadow
[parity-gate] authority done so far: 2/5 mixer/shapeMask
[parity-gate] authority done so far: 3/5 mixer/split
[parity-gate] authority done so far: 4/5 mixer/thresholdMix
[parity-gate] authority done so far: 5/5 mixer/uvRemap
[parity-gate] navigate: http://127.0.0.1:43117/test/parity-gate/port.html
[parity-gate] port done so far: 1/5 mixer/shadow
[parity-gate] port done so far: 2/5 mixer/shapeMask
[parity-gate] port done so far: 3/5 mixer/split
[parity-gate] port done so far: 4/5 mixer/thresholdMix
[parity-gate] port done so far: 5/5 mixer/uvRemap
[parity-gate] compared so far: 1/5 mixer/shadow EXACT
[parity-gate] compared so far: 2/5 mixer/shapeMask EXACT
[parity-gate] compared so far: 3/5 mixer/split EXACT
[parity-gate] compared so far: 4/5 mixer/thresholdMix EXACT
[parity-gate] compared so far: 5/5 mixer/uvRemap EXACT
[parity-gate] slice 145: executed=30/30 exact=30 tolerance=0 failed=0 missing=0 chromiumExit=0
[parity-gate] slice 150..154: launching headless Chromium (attempt 1)
[parity-gate] command: /Applications/Google Chrome.app/Contents/MacOS/Google Chrome --headless=new --no-sandbox --disable-dev-shm-usage --disable-background-networking --disable-component-update --disable-sync --no-first-run --no-default-browser-check --proxy-server=http://127.0.0.1:3129 --enable-logging=stderr --v=0 --remote-debugging-port=43125 --user-data-dir=/Users/alex/.local/state/scaffold-cloud/office/jobs/2f40fc7c-2b86-4a3b-815a-3532026003a3/repos/noisemaker-for-hydra/.gpu-run-fresh/chrome-profile-150 --disk-cache-dir=/Users/alex/.local/state/scaffold-cloud/office/jobs/2f40fc7c-2b86-4a3b-815a-3532026003a3/repos/noisemaker-for-hydra/.gpu-run-fresh/chrome-http-cache --disk-cache-size=524288000 about:blank
[parity-gate] navigate: http://127.0.0.1:43117/test/parity-gate/authority.html
[parity-gate] authority webgl: WebGL 2.0 (OpenGL ES 3.0 Chromium) / WebKit WebGL
[parity-gate] authority done so far: 1/5 points/attractor
[parity-gate] authority done so far: 2/5 points/buddhabrot
[parity-gate] authority done so far: 3/5 points/dla
[parity-gate] authority done so far: 4/5 points/flock
[parity-gate] authority done so far: 5/5 points/flow
[parity-gate] navigate: http://127.0.0.1:43117/test/parity-gate/port.html
[parity-gate] port done so far: 1/5 points/attractor
[parity-gate] port done so far: 2/5 points/buddhabrot
[parity-gate] port done so far: 3/5 points/dla
[parity-gate] port done so far: 4/5 points/flock
[parity-gate] port done so far: 5/5 points/flow
[parity-gate] compared so far: 1/5 points/attractor EXACT
[parity-gate] compared so far: 2/5 points/buddhabrot EXACT
[parity-gate] compared so far: 3/5 points/dla EXACT
[parity-gate] compared so far: 4/5 points/flock EXACT
[parity-gate] compared so far: 5/5 points/flow EXACT
[parity-gate] slice 150: executed=30/30 exact=30 tolerance=0 failed=0 missing=0 chromiumExit=0
[parity-gate] slice 155..159: launching headless Chromium (attempt 1)
[parity-gate] command: /Applications/Google Chrome.app/Contents/MacOS/Google Chrome --headless=new --no-sandbox --disable-dev-shm-usage --disable-background-networking --disable-component-update --disable-sync --no-first-run --no-default-browser-check --proxy-server=http://127.0.0.1:3129 --enable-logging=stderr --v=0 --remote-debugging-port=43122 --user-data-dir=/Users/alex/.local/state/scaffold-cloud/office/jobs/2f40fc7c-2b86-4a3b-815a-3532026003a3/repos/noisemaker-for-hydra/.gpu-run-fresh/chrome-profile-155 --disk-cache-dir=/Users/alex/.local/state/scaffold-cloud/office/jobs/2f40fc7c-2b86-4a3b-815a-3532026003a3/repos/noisemaker-for-hydra/.gpu-run-fresh/chrome-http-cache --disk-cache-size=524288000 about:blank
[parity-gate] navigate: http://127.0.0.1:43117/test/parity-gate/authority.html
[parity-gate] authority webgl: WebGL 2.0 (OpenGL ES 3.0 Chromium) / WebKit WebGL
[parity-gate] authority done so far: 1/5 points/heightGrid
[parity-gate] authority done so far: 2/5 points/hydraulic
[parity-gate] authority done so far: 3/5 points/lenia
[parity-gate] console.error: MRT FBO incomplete for mrt_node_1_pass_1_global_xyz_chain_0_write_global_vel_chain_0_write_global_rgba_chain_0_write_global_life_data_chain_0_write: 36057
[parity-gate] console.error: WebGL Error 1286 in pass node_1_pass_1 (effect: points.life, program: node_1_agent, output: global_xyz_chain_0, inputs: xyzTex=global_xyz_chain_0, velTex=global_vel_chain_0, rgbaTex=global_rgba_chain_0, dataTex=global_life_data_chain_0, forceMatrix=node_1_forceMatrix, inputTex=node_0_out)
[parity-gate] console.error: MRT FBO incomplete for mrt_node_1_pass_1_global_xyz_chain_0_read_global_vel_chain_0_read_global_rgba_chain_0_read_global_life_data_chain_0_read: 36057
[parity-gate] console.error: WebGL Error 1286 in pass node_1_pass_1 (effect: points.life, program: node_1_agent, output: global_xyz_chain_0, inputs: xyzTex=global_xyz_chain_0, velTex=global_vel_chain_0, rgbaTex=global_rgba_chain_0, dataTex=global_life_data_chain_0, forceMatrix=node_1_forceMatrix, inputTex=node_0_out)
[parity-gate] console.error: WebGL Error 1286 in pass node_1_pass_1 (effect: points.life, program: node_1_agent, output: global_xyz_chain_0, inputs: xyzTex=global_xyz_chain_0, velTex=global_vel_chain_0, rgbaTex=global_rgba_chain_0, dataTex=global_life_data_chain_0, forceMatrix=node_1_forceMatrix, inputTex=node_0_out)
[parity-gate] console.error: MRT FBO incomplete for mrt_node_3_pass_1_global_xyz_chain_1_write_global_vel_chain_1_write_global_rgba_chain_1_write_global_life_data_chain_1_write: 36057
[parity-gate] console.error: WebGL Error 1286 in pass node_3_pass_1 (effect: points.life, program: node_3_agent, output: global_xyz_chain_1, inputs: xyzTex=global_xyz_chain_1, velTex=global_vel_chain_1, rgbaTex=global_rgba_chain_1, dataTex=global_life_data_chain_1, forceMatrix=node_3_forceMatrix, inputTex=node_2_out)
[parity-gate] console.error: MRT FBO incomplete for mrt_node_3_pass_1_global_xyz_chain_1_read_global_vel_chain_1_read_global_rgba_chain_1_read_global_life_data_chain_1_read: 36057
[parity-gate] console.error: WebGL Error 1286 in pass node_3_pass_1 (effect: points.life, program: node_3_agent, output: global_xyz_chain_1, inputs: xyzTex=global_xyz_chain_1, velTex=global_vel_chain_1, rgbaTex=global_rgba_chain_1, dataTex=global_life_data_chain_1, forceMatrix=node_3_forceMatrix, inputTex=node_2_out)
[parity-gate] console.error: WebGL Error 1286 in pass node_1_pass_1 (effect: points.life, program: node_1_agent, output: global_xyz_chain_0, inputs: xyzTex=global_xyz_chain_0, velTex=global_vel_chain_0, rgbaTex=global_rgba_chain_0, dataTex=global_life_data_chain_0, forceMatrix=node_1_forceMatrix, inputTex=node_0_out)
[parity-gate] authority done so far: 4/5 points/life
[parity-gate] authority done so far: 5/5 points/physarum
[parity-gate] navigate: http://127.0.0.1:43117/test/parity-gate/port.html
[parity-gate] port done so far: 1/5 points/heightGrid
[parity-gate] port done so far: 2/5 points/hydraulic
[parity-gate] port done so far: 3/5 points/lenia
[parity-gate] console.error: MRT FBO incomplete for mrt_node_1_pass_1_global_xyz_chain_0_write_global_vel_chain_0_write_global_rgba_chain_0_write_global_life_data_chain_0_write: 36057
[parity-gate] console.error: WebGL Error 1286 in pass node_1_pass_1 (effect: points.life, program: node_1_agent, output: global_xyz_chain_0, inputs: xyzTex=global_xyz_chain_0, velTex=global_vel_chain_0, rgbaTex=global_rgba_chain_0, dataTex=global_life_data_chain_0, forceMatrix=node_1_forceMatrix, inputTex=node_0_out)
[parity-gate] console.error: MRT FBO incomplete for mrt_node_1_pass_1_global_xyz_chain_0_read_global_vel_chain_0_read_global_rgba_chain_0_read_global_life_data_chain_0_read: 36057
[parity-gate] console.error: WebGL Error 1286 in pass node_1_pass_1 (effect: points.life, program: node_1_agent, output: global_xyz_chain_0, inputs: xyzTex=global_xyz_chain_0, velTex=global_vel_chain_0, rgbaTex=global_rgba_chain_0, dataTex=global_life_data_chain_0, forceMatrix=node_1_forceMatrix, inputTex=node_0_out)
[parity-gate] console.error: WebGL Error 1286 in pass node_1_pass_1 (effect: points.life, program: node_1_agent, output: global_xyz_chain_0, inputs: xyzTex=global_xyz_chain_0, velTex=global_vel_chain_0, rgbaTex=global_rgba_chain_0, dataTex=global_life_data_chain_0, forceMatrix=node_1_forceMatrix, inputTex=node_0_out)
[parity-gate] console.error: MRT FBO incomplete for mrt_node_3_pass_1_global_xyz_chain_1_write_global_vel_chain_1_write_global_rgba_chain_1_write_global_life_data_chain_1_write: 36057
[parity-gate] console.error: WebGL Error 1286 in pass node_3_pass_1 (effect: points.life, program: node_3_agent, output: global_xyz_chain_1, inputs: xyzTex=global_xyz_chain_1, velTex=global_vel_chain_1, rgbaTex=global_rgba_chain_1, dataTex=global_life_data_chain_1, forceMatrix=node_3_forceMatrix, inputTex=node_2_out)
[parity-gate] console.error: MRT FBO incomplete for mrt_node_3_pass_1_global_xyz_chain_1_read_global_vel_chain_1_read_global_rgba_chain_1_read_global_life_data_chain_1_read: 36057
[parity-gate] console.error: WebGL Error 1286 in pass node_3_pass_1 (effect: points.life, program: node_3_agent, output: global_xyz_chain_1, inputs: xyzTex=global_xyz_chain_1, velTex=global_vel_chain_1, rgbaTex=global_rgba_chain_1, dataTex=global_life_data_chain_1, forceMatrix=node_3_forceMatrix, inputTex=node_2_out)
[parity-gate] console.error: WebGL Error 1286 in pass node_1_pass_1 (effect: points.life, program: node_1_agent, output: global_xyz_chain_0, inputs: xyzTex=global_xyz_chain_0, velTex=global_vel_chain_0, rgbaTex=global_rgba_chain_0, dataTex=global_life_data_chain_0, forceMatrix=node_1_forceMatrix, inputTex=node_0_out)
[parity-gate] port done so far: 4/5 points/life
[parity-gate] port done so far: 5/5 points/physarum
[parity-gate] compared so far: 1/5 points/heightGrid EXACT
[parity-gate] compared so far: 2/5 points/hydraulic EXACT
[parity-gate] compared so far: 3/5 points/lenia EXACT
[parity-gate] compared so far: 4/5 points/life EXACT
[parity-gate] compared so far: 5/5 points/physarum EXACT
[parity-gate] slice 155: executed=30/30 exact=30 tolerance=0 failed=0 missing=0 chromiumExit=0
[parity-gate] slice 160..164: launching headless Chromium (attempt 1)
[parity-gate] command: /Applications/Google Chrome.app/Contents/MacOS/Google Chrome --headless=new --no-sandbox --disable-dev-shm-usage --disable-background-networking --disable-component-update --disable-sync --no-first-run --no-default-browser-check --proxy-server=http://127.0.0.1:3129 --enable-logging=stderr --v=0 --remote-debugging-port=43118 --user-data-dir=/Users/alex/.local/state/scaffold-cloud/office/jobs/2f40fc7c-2b86-4a3b-815a-3532026003a3/repos/noisemaker-for-hydra/.gpu-run-fresh/chrome-profile-160 --disk-cache-dir=/Users/alex/.local/state/scaffold-cloud/office/jobs/2f40fc7c-2b86-4a3b-815a-3532026003a3/repos/noisemaker-for-hydra/.gpu-run-fresh/chrome-http-cache --disk-cache-size=524288000 about:blank
[parity-gate] navigate: http://127.0.0.1:43117/test/parity-gate/authority.html
[parity-gate] authority webgl: WebGL 2.0 (OpenGL ES 3.0 Chromium) / WebKit WebGL
[parity-gate] authority done so far: 1/5 points/physical
[parity-gate] authority done so far: 2/5 render/loopBegin
[parity-gate] authority done so far: 3/5 render/loopEnd
[parity-gate] authority done so far: 4/5 render/meshLoader
[parity-gate] authority done so far: 5/5 render/meshRender
[parity-gate] navigate: http://127.0.0.1:43117/test/parity-gate/port.html
[parity-gate] port done so far: 1/5 points/physical
[parity-gate] port done so far: 2/5 render/loopBegin
[parity-gate] port done so far: 3/5 render/loopEnd
[parity-gate] port done so far: 4/5 render/meshLoader
[parity-gate] port done so far: 5/5 render/meshRender
[parity-gate] compared so far: 1/5 points/physical EXACT
[parity-gate] compared so far: 2/5 render/loopBegin EXACT
[parity-gate] compared so far: 3/5 render/loopEnd EXACT
[parity-gate] compared so far: 4/5 render/meshLoader EXACT
[parity-gate] compared so far: 5/5 render/meshRender EXACT
[parity-gate] slice 160: executed=30/30 exact=30 tolerance=0 failed=0 missing=0 chromiumExit=0
[parity-gate] slice 165..169: launching headless Chromium (attempt 1)
[parity-gate] command: /Applications/Google Chrome.app/Contents/MacOS/Google Chrome --headless=new --no-sandbox --disable-dev-shm-usage --disable-background-networking --disable-component-update --disable-sync --no-first-run --no-default-browser-check --proxy-server=http://127.0.0.1:3129 --enable-logging=stderr --v=0 --remote-debugging-port=43124 --user-data-dir=/Users/alex/.local/state/scaffold-cloud/office/jobs/2f40fc7c-2b86-4a3b-815a-3532026003a3/repos/noisemaker-for-hydra/.gpu-run-fresh/chrome-profile-165 --disk-cache-dir=/Users/alex/.local/state/scaffold-cloud/office/jobs/2f40fc7c-2b86-4a3b-815a-3532026003a3/repos/noisemaker-for-hydra/.gpu-run-fresh/chrome-http-cache --disk-cache-size=524288000 about:blank
[parity-gate] navigate: http://127.0.0.1:43117/test/parity-gate/authority.html
[parity-gate] authority webgl: WebGL 2.0 (OpenGL ES 3.0 Chromium) / WebKit WebGL
[parity-gate] authority done so far: 1/5 render/pointsBillboardRender
[parity-gate] authority done so far: 2/5 render/pointsEmit
[parity-gate] authority done so far: 3/5 render/pointsRender
[parity-gate] authority done so far: 4/5 render/render3d
[parity-gate] authority done so far: 5/5 render/renderCubemap3d
[parity-gate] navigate: http://127.0.0.1:43117/test/parity-gate/port.html
[parity-gate] port done so far: 1/5 render/pointsBillboardRender
[parity-gate] port done so far: 2/5 render/pointsEmit
[parity-gate] port done so far: 3/5 render/pointsRender
[parity-gate] port done so far: 4/5 render/render3d
[parity-gate] port done so far: 5/5 render/renderCubemap3d
[parity-gate] compared so far: 1/5 render/pointsBillboardRender EXACT
[parity-gate] compared so far: 2/5 render/pointsEmit EXACT
[parity-gate] compared so far: 3/5 render/pointsRender EXACT
[parity-gate] compared so far: 4/5 render/render3d EXACT
[parity-gate] compared so far: 5/5 render/renderCubemap3d EXACT
[parity-gate] slice 165: executed=30/30 exact=30 tolerance=0 failed=0 missing=0 chromiumExit=0
[parity-gate] slice 170..174: launching headless Chromium (attempt 1)
[parity-gate] command: /Applications/Google Chrome.app/Contents/MacOS/Google Chrome --headless=new --no-sandbox --disable-dev-shm-usage --disable-background-networking --disable-component-update --disable-sync --no-first-run --no-default-browser-check --proxy-server=http://127.0.0.1:3129 --enable-logging=stderr --v=0 --remote-debugging-port=43121 --user-data-dir=/Users/alex/.local/state/scaffold-cloud/office/jobs/2f40fc7c-2b86-4a3b-815a-3532026003a3/repos/noisemaker-for-hydra/.gpu-run-fresh/chrome-profile-170 --disk-cache-dir=/Users/alex/.local/state/scaffold-cloud/office/jobs/2f40fc7c-2b86-4a3b-815a-3532026003a3/repos/noisemaker-for-hydra/.gpu-run-fresh/chrome-http-cache --disk-cache-size=524288000 about:blank
[parity-gate] navigate: http://127.0.0.1:43117/test/parity-gate/authority.html
[parity-gate] authority webgl: WebGL 2.0 (OpenGL ES 3.0 Chromium) / WebKit WebGL
[parity-gate] authority done so far: 1/5 render/renderCubemapSurface
[parity-gate] console.warning: [noisemaker] S002: Argument out of range for 'lightDirection' in renderLandscape3d()
[parity-gate] authority done so far: 2/5 render/renderLandscape3d
[parity-gate] authority done so far: 3/5 render/renderLit3d
[parity-gate] authority done so far: 4/5 synth/bitwise
[parity-gate] authority done so far: 5/5 synth/cell
[parity-gate] navigate: http://127.0.0.1:43117/test/parity-gate/port.html
[parity-gate] port done so far: 1/5 render/renderCubemapSurface
[parity-gate] console.warning: [noisemaker] S002: Argument out of range for 'lightDirection' in renderLandscape3d()
[parity-gate] port done so far: 2/5 render/renderLandscape3d
[parity-gate] port done so far: 3/5 render/renderLit3d
[parity-gate] port done so far: 4/5 synth/bitwise
[parity-gate] port done so far: 5/5 synth/cell
[parity-gate] compared so far: 1/5 render/renderCubemapSurface EXACT
[parity-gate] compared so far: 2/5 render/renderLandscape3d EXACT
[parity-gate] compared so far: 3/5 render/renderLit3d EXACT
[parity-gate] compared so far: 4/5 synth/bitwise EXACT
[parity-gate] compared so far: 5/5 synth/cell EXACT
[parity-gate] slice 170: executed=30/30 exact=30 tolerance=0 failed=0 missing=0 chromiumExit=0
[parity-gate] slice 175..179: launching headless Chromium (attempt 1)
[parity-gate] command: /Applications/Google Chrome.app/Contents/MacOS/Google Chrome --headless=new --no-sandbox --disable-dev-shm-usage --disable-background-networking --disable-component-update --disable-sync --no-first-run --no-default-browser-check --proxy-server=http://127.0.0.1:3129 --enable-logging=stderr --v=0 --remote-debugging-port=43126 --user-data-dir=/Users/alex/.local/state/scaffold-cloud/office/jobs/2f40fc7c-2b86-4a3b-815a-3532026003a3/repos/noisemaker-for-hydra/.gpu-run-fresh/chrome-profile-175 --disk-cache-dir=/Users/alex/.local/state/scaffold-cloud/office/jobs/2f40fc7c-2b86-4a3b-815a-3532026003a3/repos/noisemaker-for-hydra/.gpu-run-fresh/chrome-http-cache --disk-cache-size=524288000 about:blank
[parity-gate] navigate: http://127.0.0.1:43117/test/parity-gate/authority.html
[parity-gate] authority webgl: WebGL 2.0 (OpenGL ES 3.0 Chromium) / WebKit WebGL
[parity-gate] authority done so far: 1/5 synth/cellularAutomata
[parity-gate] authority done so far: 2/5 synth/curl
[parity-gate] authority done so far: 3/5 synth/gabor
[parity-gate] authority done so far: 4/5 synth/gradient
[parity-gate] authority done so far: 5/5 synth/julia
[parity-gate] navigate: http://127.0.0.1:43117/test/parity-gate/port.html
[parity-gate] port done so far: 1/5 synth/cellularAutomata
[parity-gate] port done so far: 2/5 synth/curl
[parity-gate] port done so far: 3/5 synth/gabor
[parity-gate] port done so far: 4/5 synth/gradient
[parity-gate] port done so far: 5/5 synth/julia
[parity-gate] compared so far: 1/5 synth/cellularAutomata EXACT
[parity-gate] compared so far: 2/5 synth/curl EXACT
[parity-gate] compared so far: 3/5 synth/gabor EXACT
[parity-gate] compared so far: 4/5 synth/gradient EXACT
[parity-gate] compared so far: 5/5 synth/julia EXACT
[parity-gate] slice 175: executed=30/30 exact=30 tolerance=0 failed=0 missing=0 chromiumExit=0
[parity-gate] slice 180..184: launching headless Chromium (attempt 1)
[parity-gate] command: /Applications/Google Chrome.app/Contents/MacOS/Google Chrome --headless=new --no-sandbox --disable-dev-shm-usage --disable-background-networking --disable-component-update --disable-sync --no-first-run --no-default-browser-check --proxy-server=http://127.0.0.1:3129 --enable-logging=stderr --v=0 --remote-debugging-port=43123 --user-data-dir=/Users/alex/.local/state/scaffold-cloud/office/jobs/2f40fc7c-2b86-4a3b-815a-3532026003a3/repos/noisemaker-for-hydra/.gpu-run-fresh/chrome-profile-180 --disk-cache-dir=/Users/alex/.local/state/scaffold-cloud/office/jobs/2f40fc7c-2b86-4a3b-815a-3532026003a3/repos/noisemaker-for-hydra/.gpu-run-fresh/chrome-http-cache --disk-cache-size=524288000 about:blank
[parity-gate] navigate: http://127.0.0.1:43117/test/parity-gate/authority.html
[parity-gate] authority webgl: WebGL 2.0 (OpenGL ES 3.0 Chromium) / WebKit WebGL
[parity-gate] authority done so far: 1/5 synth/mandala
[parity-gate] authority done so far: 2/5 synth/mandelbrot
[parity-gate] authority done so far: 3/5 synth/media
[parity-gate] authority done so far: 4/5 synth/mnca
[parity-gate] authority done so far: 5/5 synth/modPattern
[parity-gate] navigate: http://127.0.0.1:43117/test/parity-gate/port.html
[parity-gate] port done so far: 1/5 synth/mandala
[parity-gate] port done so far: 2/5 synth/mandelbrot
[parity-gate] port done so far: 3/5 synth/media
[parity-gate] port done so far: 4/5 synth/mnca
[parity-gate] port done so far: 5/5 synth/modPattern
[parity-gate] compared so far: 1/5 synth/mandala EXACT
[parity-gate] compared so far: 2/5 synth/mandelbrot EXACT
[parity-gate] compared so far: 3/5 synth/media EXACT
[parity-gate] compared so far: 4/5 synth/mnca EXACT
[parity-gate] compared so far: 5/5 synth/modPattern EXACT
[parity-gate] slice 180: executed=30/30 exact=30 tolerance=0 failed=0 missing=0 chromiumExit=0
[parity-gate] slice 185..189: launching headless Chromium (attempt 1)
[parity-gate] command: /Applications/Google Chrome.app/Contents/MacOS/Google Chrome --headless=new --no-sandbox --disable-dev-shm-usage --disable-background-networking --disable-component-update --disable-sync --no-first-run --no-default-browser-check --proxy-server=http://127.0.0.1:3129 --enable-logging=stderr --v=0 --remote-debugging-port=43119 --user-data-dir=/Users/alex/.local/state/scaffold-cloud/office/jobs/2f40fc7c-2b86-4a3b-815a-3532026003a3/repos/noisemaker-for-hydra/.gpu-run-fresh/chrome-profile-185 --disk-cache-dir=/Users/alex/.local/state/scaffold-cloud/office/jobs/2f40fc7c-2b86-4a3b-815a-3532026003a3/repos/noisemaker-for-hydra/.gpu-run-fresh/chrome-http-cache --disk-cache-size=524288000 about:blank
[parity-gate] navigate: http://127.0.0.1:43117/test/parity-gate/authority.html
[parity-gate] authority webgl: WebGL 2.0 (OpenGL ES 3.0 Chromium) / WebKit WebGL
[parity-gate] authority done so far: 1/5 synth/navierStokes
[parity-gate] authority done so far: 2/5 synth/newton
[parity-gate] authority done so far: 3/5 synth/noise
[parity-gate] authority done so far: 4/5 synth/osc2d
[parity-gate] authority done so far: 5/5 synth/pattern
[parity-gate] navigate: http://127.0.0.1:43117/test/parity-gate/port.html
[parity-gate] port done so far: 1/5 synth/navierStokes
[parity-gate] port done so far: 2/5 synth/newton
[parity-gate] port done so far: 3/5 synth/noise
[parity-gate] port done so far: 4/5 synth/osc2d
[parity-gate] port done so far: 5/5 synth/pattern
[parity-gate] compared so far: 1/5 synth/navierStokes EXACT
[parity-gate] compared so far: 2/5 synth/newton EXACT
[parity-gate] compared so far: 3/5 synth/noise EXACT
[parity-gate] compared so far: 4/5 synth/osc2d EXACT
[parity-gate] compared so far: 5/5 synth/pattern EXACT
[parity-gate] slice 185: executed=30/30 exact=30 tolerance=0 failed=0 missing=0 chromiumExit=0
[parity-gate] slice 190..194: launching headless Chromium (attempt 1)
[parity-gate] command: /Applications/Google Chrome.app/Contents/MacOS/Google Chrome --headless=new --no-sandbox --disable-dev-shm-usage --disable-background-networking --disable-component-update --disable-sync --no-first-run --no-default-browser-check --proxy-server=http://127.0.0.1:3129 --enable-logging=stderr --v=0 --remote-debugging-port=43125 --user-data-dir=/Users/alex/.local/state/scaffold-cloud/office/jobs/2f40fc7c-2b86-4a3b-815a-3532026003a3/repos/noisemaker-for-hydra/.gpu-run-fresh/chrome-profile-190 --disk-cache-dir=/Users/alex/.local/state/scaffold-cloud/office/jobs/2f40fc7c-2b86-4a3b-815a-3532026003a3/repos/noisemaker-for-hydra/.gpu-run-fresh/chrome-http-cache --disk-cache-size=524288000 about:blank
[parity-gate] navigate: http://127.0.0.1:43117/test/parity-gate/authority.html
[parity-gate] authority webgl: WebGL 2.0 (OpenGL ES 3.0 Chromium) / WebKit WebGL
[parity-gate] authority done so far: 1/5 synth/perlin
[parity-gate] authority done so far: 2/5 synth/polygon
[parity-gate] authority done so far: 3/5 synth/reactionDiffusion
[parity-gate] authority done so far: 4/5 synth/remap
[parity-gate] authority done so far: 5/5 synth/roll
[parity-gate] navigate: http://127.0.0.1:43117/test/parity-gate/port.html
[parity-gate] port done so far: 1/5 synth/perlin
[parity-gate] port done so far: 2/5 synth/polygon
[parity-gate] port done so far: 3/5 synth/reactionDiffusion
[parity-gate] port done so far: 4/5 synth/remap
[parity-gate] port done so far: 5/5 synth/roll
[parity-gate] compared so far: 1/5 synth/perlin EXACT
[parity-gate] compared so far: 2/5 synth/polygon EXACT
[parity-gate] compared so far: 3/5 synth/reactionDiffusion EXACT
[parity-gate] compared so far: 4/5 synth/remap EXACT
[parity-gate] compared so far: 5/5 synth/roll EXACT
[parity-gate] slice 190: executed=30/30 exact=30 tolerance=0 failed=0 missing=0 chromiumExit=0
[parity-gate] slice 195..199: launching headless Chromium (attempt 1)
[parity-gate] command: /Applications/Google Chrome.app/Contents/MacOS/Google Chrome --headless=new --no-sandbox --disable-dev-shm-usage --disable-background-networking --disable-component-update --disable-sync --no-first-run --no-default-browser-check --proxy-server=http://127.0.0.1:3129 --enable-logging=stderr --v=0 --remote-debugging-port=43122 --user-data-dir=/Users/alex/.local/state/scaffold-cloud/office/jobs/2f40fc7c-2b86-4a3b-815a-3532026003a3/repos/noisemaker-for-hydra/.gpu-run-fresh/chrome-profile-195 --disk-cache-dir=/Users/alex/.local/state/scaffold-cloud/office/jobs/2f40fc7c-2b86-4a3b-815a-3532026003a3/repos/noisemaker-for-hydra/.gpu-run-fresh/chrome-http-cache --disk-cache-size=524288000 about:blank
[parity-gate] navigate: http://127.0.0.1:43117/test/parity-gate/authority.html
[parity-gate] authority webgl: WebGL 2.0 (OpenGL ES 3.0 Chromium) / WebKit WebGL
[parity-gate] authority done so far: 1/5 synth/sacredGeometry
[parity-gate] authority done so far: 2/5 synth/scope
[parity-gate] authority done so far: 3/5 synth/shape
[parity-gate] authority done so far: 4/5 synth/solid
[parity-gate] authority done so far: 5/5 synth/spectrum
[parity-gate] navigate: http://127.0.0.1:43117/test/parity-gate/port.html
[parity-gate] port done so far: 1/5 synth/sacredGeometry
[parity-gate] port done so far: 2/5 synth/scope
[parity-gate] port done so far: 3/5 synth/shape
[parity-gate] port done so far: 4/5 synth/solid
[parity-gate] port done so far: 5/5 synth/spectrum
[parity-gate] compared so far: 1/5 synth/sacredGeometry EXACT
[parity-gate] compared so far: 2/5 synth/scope EXACT
[parity-gate] compared so far: 3/5 synth/shape EXACT
[parity-gate] compared so far: 4/5 synth/solid EXACT
[parity-gate] compared so far: 5/5 synth/spectrum EXACT
[parity-gate] slice 195: executed=30/30 exact=30 tolerance=0 failed=0 missing=0 chromiumExit=0
[parity-gate] slice 200..204: launching headless Chromium (attempt 1)
[parity-gate] command: /Applications/Google Chrome.app/Contents/MacOS/Google Chrome --headless=new --no-sandbox --disable-dev-shm-usage --disable-background-networking --disable-component-update --disable-sync --no-first-run --no-default-browser-check --proxy-server=http://127.0.0.1:3129 --enable-logging=stderr --v=0 --remote-debugging-port=43118 --user-data-dir=/Users/alex/.local/state/scaffold-cloud/office/jobs/2f40fc7c-2b86-4a3b-815a-3532026003a3/repos/noisemaker-for-hydra/.gpu-run-fresh/chrome-profile-200 --disk-cache-dir=/Users/alex/.local/state/scaffold-cloud/office/jobs/2f40fc7c-2b86-4a3b-815a-3532026003a3/repos/noisemaker-for-hydra/.gpu-run-fresh/chrome-http-cache --disk-cache-size=524288000 about:blank
[parity-gate] navigate: http://127.0.0.1:43117/test/parity-gate/authority.html
[parity-gate] authority webgl: WebGL 2.0 (OpenGL ES 3.0 Chromium) / WebKit WebGL
[parity-gate] authority done so far: 1/5 synth/subdivide
[parity-gate] authority done so far: 2/5 synth/testPattern
[parity-gate] authority done so far: 3/5 synth3d/cell3d
[parity-gate] authority done so far: 4/5 synth3d/cellularAutomata3d
[parity-gate] authority done so far: 5/5 synth3d/flythrough3d
[parity-gate] navigate: http://127.0.0.1:43117/test/parity-gate/port.html
[parity-gate] port done so far: 1/5 synth/subdivide
[parity-gate] port done so far: 2/5 synth/testPattern
[parity-gate] port done so far: 3/5 synth3d/cell3d
[parity-gate] port done so far: 4/5 synth3d/cellularAutomata3d
[parity-gate] port done so far: 5/5 synth3d/flythrough3d
[parity-gate] compared so far: 1/5 synth/subdivide EXACT
[parity-gate] compared so far: 2/5 synth/testPattern EXACT
[parity-gate] compared so far: 3/5 synth3d/cell3d EXACT
[parity-gate] compared so far: 4/5 synth3d/cellularAutomata3d EXACT
[parity-gate] compared so far: 5/5 synth3d/flythrough3d EXACT
[parity-gate] slice 200: executed=30/30 exact=30 tolerance=0 failed=0 missing=0 chromiumExit=0
[parity-gate] slice 205..209: launching headless Chromium (attempt 1)
[parity-gate] command: /Applications/Google Chrome.app/Contents/MacOS/Google Chrome --headless=new --no-sandbox --disable-dev-shm-usage --disable-background-networking --disable-component-update --disable-sync --no-first-run --no-default-browser-check --proxy-server=http://127.0.0.1:3129 --enable-logging=stderr --v=0 --remote-debugging-port=43124 --user-data-dir=/Users/alex/.local/state/scaffold-cloud/office/jobs/2f40fc7c-2b86-4a3b-815a-3532026003a3/repos/noisemaker-for-hydra/.gpu-run-fresh/chrome-profile-205 --disk-cache-dir=/Users/alex/.local/state/scaffold-cloud/office/jobs/2f40fc7c-2b86-4a3b-815a-3532026003a3/repos/noisemaker-for-hydra/.gpu-run-fresh/chrome-http-cache --disk-cache-size=524288000 about:blank
[parity-gate] navigate: http://127.0.0.1:43117/test/parity-gate/authority.html
[parity-gate] authority webgl: WebGL 2.0 (OpenGL ES 3.0 Chromium) / WebKit WebGL
[parity-gate] authority done so far: 1/5 synth3d/fractal3d
[parity-gate] authority done so far: 2/5 synth3d/heightmap3d
[parity-gate] authority done so far: 3/5 synth3d/noise3d
[parity-gate] authority done so far: 4/5 synth3d/reactionDiffusion3d
[parity-gate] authority done so far: 5/5 synth3d/shape3d
[parity-gate] navigate: http://127.0.0.1:43117/test/parity-gate/port.html
[parity-gate] port done so far: 1/5 synth3d/fractal3d
[parity-gate] port done so far: 2/5 synth3d/heightmap3d
[parity-gate] port done so far: 3/5 synth3d/noise3d
[parity-gate] port done so far: 4/5 synth3d/reactionDiffusion3d
[parity-gate] port done so far: 5/5 synth3d/shape3d
[parity-gate] compared so far: 1/5 synth3d/fractal3d EXACT
[parity-gate] compared so far: 2/5 synth3d/heightmap3d EXACT
[parity-gate] compared so far: 3/5 synth3d/noise3d EXACT
[parity-gate] compared so far: 4/5 synth3d/reactionDiffusion3d EXACT
[parity-gate] compared so far: 5/5 synth3d/shape3d EXACT
[parity-gate] slice 205: executed=30/30 exact=30 tolerance=0 failed=0 missing=0 chromiumExit=0
[parity-gate] merged: executed=1260/1260 exact=1260 tolerance=0 failed=0 missing=0 identityOk=true rollingMatchesImmutable=false pass=true
