[parity-gate] static gate server up
[parity-gate] identity: bundle=true manifest=true companion=true rollingMatchesImmutable=false
[parity-gate] slice 0: reusing cached slice report /state/cache/scratch/negc-skip/slice-000.json (fixture sha and slice limit match)
[parity-gate] slice 1: reusing cached slice report /state/cache/scratch/negc-skip/slice-001.json (fixture sha and slice limit match)
[parity-gate] slice 2: reusing cached slice report /state/cache/scratch/negc-skip/slice-002.json (fixture sha and slice limit match)
[parity-gate] slice 3: reusing cached slice report /state/cache/scratch/negc-skip/slice-003.json (fixture sha and slice limit match)
[parity-gate] slice 4: reusing cached slice report /state/cache/scratch/negc-skip/slice-004.json (fixture sha and slice limit match)
[parity-gate] slice 5: reusing cached slice report /state/cache/scratch/negc-skip/slice-005.json (fixture sha and slice limit match)
[parity-gate] slice 6: reusing cached slice report /state/cache/scratch/negc-skip/slice-006.json (fixture sha and slice limit match)
[parity-gate] slice 7: reusing cached slice report /state/cache/scratch/negc-skip/slice-007.json (fixture sha and slice limit match)
[parity-gate] slice 8: reusing cached slice report /state/cache/scratch/negc-skip/slice-008.json (fixture sha and slice limit match)
[parity-gate] slice 9: reusing cached slice report /state/cache/scratch/negc-skip/slice-009.json (fixture sha and slice limit match)
[parity-gate] slice 10: reusing cached slice report /state/cache/scratch/negc-skip/slice-010.json (fixture sha and slice limit match)
[parity-gate] slice 11: reusing cached slice report /state/cache/scratch/negc-skip/slice-011.json (fixture sha and slice limit match)
[parity-gate] slice 12: reusing cached slice report /state/cache/scratch/negc-skip/slice-012.json (fixture sha and slice limit match)
[parity-gate] slice 13: reusing cached slice report /state/cache/scratch/negc-skip/slice-013.json (fixture sha and slice limit match)
[parity-gate] slice 14: reusing cached slice report /state/cache/scratch/negc-skip/slice-014.json (fixture sha and slice limit match)
[parity-gate] slice 15: reusing cached slice report /state/cache/scratch/negc-skip/slice-015.json (fixture sha and slice limit match)
[parity-gate] slice 16: reusing cached slice report /state/cache/scratch/negc-skip/slice-016.json (fixture sha and slice limit match)
[parity-gate] slice 17: reusing cached slice report /state/cache/scratch/negc-skip/slice-017.json (fixture sha and slice limit match)
[parity-gate] slice 18: reusing cached slice report /state/cache/scratch/negc-skip/slice-018.json (fixture sha and slice limit match)
[parity-gate] slice 19: reusing cached slice report /state/cache/scratch/negc-skip/slice-019.json (fixture sha and slice limit match)
[parity-gate] slice 20: reusing cached slice report /state/cache/scratch/negc-skip/slice-020.json (fixture sha and slice limit match)
[parity-gate] slice 21: reusing cached slice report /state/cache/scratch/negc-skip/slice-021.json (fixture sha and slice limit match)
[parity-gate] slice 22: reusing cached slice report /state/cache/scratch/negc-skip/slice-022.json (fixture sha and slice limit match)
[parity-gate] slice 23: reusing cached slice report /state/cache/scratch/negc-skip/slice-023.json (fixture sha and slice limit match)
[parity-gate] slice 24: reusing cached slice report /state/cache/scratch/negc-skip/slice-024.json (fixture sha and slice limit match)
[parity-gate] slice 25: reusing cached slice report /state/cache/scratch/negc-skip/slice-025.json (fixture sha and slice limit match)
[parity-gate] slice 26: reusing cached slice report /state/cache/scratch/negc-skip/slice-026.json (fixture sha and slice limit match)
[parity-gate] slice 27: reusing cached slice report /state/cache/scratch/negc-skip/slice-027.json (fixture sha and slice limit match)
[parity-gate] slice 28: reusing cached slice report /state/cache/scratch/negc-skip/slice-028.json (fixture sha and slice limit match)
[parity-gate] slice 29: reusing cached slice report /state/cache/scratch/negc-skip/slice-029.json (fixture sha and slice limit match)
[parity-gate] slice 30: reusing cached slice report /state/cache/scratch/negc-skip/slice-030.json (fixture sha and slice limit match)
[parity-gate] slice 31: reusing cached slice report /state/cache/scratch/negc-skip/slice-031.json (fixture sha and slice limit match)
[parity-gate] slice 32: reusing cached slice report /state/cache/scratch/negc-skip/slice-032.json (fixture sha and slice limit match)
[parity-gate] slice 33: reusing cached slice report /state/cache/scratch/negc-skip/slice-033.json (fixture sha and slice limit match)
[parity-gate] slice 34: reusing cached slice report /state/cache/scratch/negc-skip/slice-034.json (fixture sha and slice limit match)
[parity-gate] slice 35: reusing cached slice report /state/cache/scratch/negc-skip/slice-035.json (fixture sha and slice limit match)
[parity-gate] slice 36: reusing cached slice report /state/cache/scratch/negc-skip/slice-036.json (fixture sha and slice limit match)
[parity-gate] slice 37: reusing cached slice report /state/cache/scratch/negc-skip/slice-037.json (fixture sha and slice limit match)
[parity-gate] slice 38: reusing cached slice report /state/cache/scratch/negc-skip/slice-038.json (fixture sha and slice limit match)
[parity-gate] slice 39: reusing cached slice report /state/cache/scratch/negc-skip/slice-039.json (fixture sha and slice limit match)
[parity-gate] slice 40: reusing cached slice report /state/cache/scratch/negc-skip/slice-040.json (fixture sha and slice limit match)
[parity-gate] slice 41: reusing cached slice report /state/cache/scratch/negc-skip/slice-041.json (fixture sha and slice limit match)
[parity-gate] slice 42: reusing cached slice report /state/cache/scratch/negc-skip/slice-042.json (fixture sha and slice limit match)
[parity-gate] slice 43: reusing cached slice report /state/cache/scratch/negc-skip/slice-043.json (fixture sha and slice limit match)
[parity-gate] slice 44: reusing cached slice report /state/cache/scratch/negc-skip/slice-044.json (fixture sha and slice limit match)
[parity-gate] slice 45: reusing cached slice report /state/cache/scratch/negc-skip/slice-045.json (fixture sha and slice limit match)
[parity-gate] slice 46: reusing cached slice report /state/cache/scratch/negc-skip/slice-046.json (fixture sha and slice limit match)
[parity-gate] slice 47: reusing cached slice report /state/cache/scratch/negc-skip/slice-047.json (fixture sha and slice limit match)
[parity-gate] slice 48: reusing cached slice report /state/cache/scratch/negc-skip/slice-048.json (fixture sha and slice limit match)
[parity-gate] slice 49: reusing cached slice report /state/cache/scratch/negc-skip/slice-049.json (fixture sha and slice limit match)
[parity-gate] slice 50: reusing cached slice report /state/cache/scratch/negc-skip/slice-050.json (fixture sha and slice limit match)
[parity-gate] slice 51: reusing cached slice report /state/cache/scratch/negc-skip/slice-051.json (fixture sha and slice limit match)
[parity-gate] slice 52: reusing cached slice report /state/cache/scratch/negc-skip/slice-052.json (fixture sha and slice limit match)
[parity-gate] slice 53: reusing cached slice report /state/cache/scratch/negc-skip/slice-053.json (fixture sha and slice limit match)
[parity-gate] slice 54: reusing cached slice report /state/cache/scratch/negc-skip/slice-054.json (fixture sha and slice limit match)
[parity-gate] slice 55: reusing cached slice report /state/cache/scratch/negc-skip/slice-055.json (fixture sha and slice limit match)
[parity-gate] slice 56: reusing cached slice report /state/cache/scratch/negc-skip/slice-056.json (fixture sha and slice limit match)
[parity-gate] slice 57: reusing cached slice report /state/cache/scratch/negc-skip/slice-057.json (fixture sha and slice limit match)
[parity-gate] slice 58: reusing cached slice report /state/cache/scratch/negc-skip/slice-058.json (fixture sha and slice limit match)
[parity-gate] slice 59: reusing cached slice report /state/cache/scratch/negc-skip/slice-059.json (fixture sha and slice limit match)
[parity-gate] slice 60: reusing cached slice report /state/cache/scratch/negc-skip/slice-060.json (fixture sha and slice limit match)
[parity-gate] slice 61: reusing cached slice report /state/cache/scratch/negc-skip/slice-061.json (fixture sha and slice limit match)
[parity-gate] slice 62: reusing cached slice report /state/cache/scratch/negc-skip/slice-062.json (fixture sha and slice limit match)
[parity-gate] slice 63: reusing cached slice report /state/cache/scratch/negc-skip/slice-063.json (fixture sha and slice limit match)
[parity-gate] slice 64: reusing cached slice report /state/cache/scratch/negc-skip/slice-064.json (fixture sha and slice limit match)
[parity-gate] slice 65: reusing cached slice report /state/cache/scratch/negc-skip/slice-065.json (fixture sha and slice limit match)
[parity-gate] slice 66: reusing cached slice report /state/cache/scratch/negc-skip/slice-066.json (fixture sha and slice limit match)
[parity-gate] slice 67: reusing cached slice report /state/cache/scratch/negc-skip/slice-067.json (fixture sha and slice limit match)
[parity-gate] slice 68: reusing cached slice report /state/cache/scratch/negc-skip/slice-068.json (fixture sha and slice limit match)
[parity-gate] slice 69: reusing cached slice report /state/cache/scratch/negc-skip/slice-069.json (fixture sha and slice limit match)
[parity-gate] slice 70: reusing cached slice report /state/cache/scratch/negc-skip/slice-070.json (fixture sha and slice limit match)
[parity-gate] slice 71: reusing cached slice report /state/cache/scratch/negc-skip/slice-071.json (fixture sha and slice limit match)
[parity-gate] slice 72: reusing cached slice report /state/cache/scratch/negc-skip/slice-072.json (fixture sha and slice limit match)
[parity-gate] slice 73: reusing cached slice report /state/cache/scratch/negc-skip/slice-073.json (fixture sha and slice limit match)
[parity-gate] slice 74: reusing cached slice report /state/cache/scratch/negc-skip/slice-074.json (fixture sha and slice limit match)
[parity-gate] slice 75: reusing cached slice report /state/cache/scratch/negc-skip/slice-075.json (fixture sha and slice limit match)
[parity-gate] slice 76: reusing cached slice report /state/cache/scratch/negc-skip/slice-076.json (fixture sha and slice limit match)
[parity-gate] slice 77: reusing cached slice report /state/cache/scratch/negc-skip/slice-077.json (fixture sha and slice limit match)
[parity-gate] slice 78: reusing cached slice report /state/cache/scratch/negc-skip/slice-078.json (fixture sha and slice limit match)
[parity-gate] slice 79: reusing cached slice report /state/cache/scratch/negc-skip/slice-079.json (fixture sha and slice limit match)
[parity-gate] slice 80: reusing cached slice report /state/cache/scratch/negc-skip/slice-080.json (fixture sha and slice limit match)
[parity-gate] slice 81: reusing cached slice report /state/cache/scratch/negc-skip/slice-081.json (fixture sha and slice limit match)
[parity-gate] slice 82: reusing cached slice report /state/cache/scratch/negc-skip/slice-082.json (fixture sha and slice limit match)
[parity-gate] slice 83: reusing cached slice report /state/cache/scratch/negc-skip/slice-083.json (fixture sha and slice limit match)
[parity-gate] slice 84: reusing cached slice report /state/cache/scratch/negc-skip/slice-084.json (fixture sha and slice limit match)
[parity-gate] slice 85: reusing cached slice report /state/cache/scratch/negc-skip/slice-085.json (fixture sha and slice limit match)
[parity-gate] slice 86: reusing cached slice report /state/cache/scratch/negc-skip/slice-086.json (fixture sha and slice limit match)
[parity-gate] slice 87: reusing cached slice report /state/cache/scratch/negc-skip/slice-087.json (fixture sha and slice limit match)
[parity-gate] slice 88: reusing cached slice report /state/cache/scratch/negc-skip/slice-088.json (fixture sha and slice limit match)
[parity-gate] slice 89: reusing cached slice report /state/cache/scratch/negc-skip/slice-089.json (fixture sha and slice limit match)
[parity-gate] slice 90: reusing cached slice report /state/cache/scratch/negc-skip/slice-090.json (fixture sha and slice limit match)
[parity-gate] slice 91: reusing cached slice report /state/cache/scratch/negc-skip/slice-091.json (fixture sha and slice limit match)
[parity-gate] slice 92: reusing cached slice report /state/cache/scratch/negc-skip/slice-092.json (fixture sha and slice limit match)
[parity-gate] slice 93: reusing cached slice report /state/cache/scratch/negc-skip/slice-093.json (fixture sha and slice limit match)
[parity-gate] slice 94: reusing cached slice report /state/cache/scratch/negc-skip/slice-094.json (fixture sha and slice limit match)
[parity-gate] slice 95: reusing cached slice report /state/cache/scratch/negc-skip/slice-095.json (fixture sha and slice limit match)
[parity-gate] slice 96: reusing cached slice report /state/cache/scratch/negc-skip/slice-096.json (fixture sha and slice limit match)
[parity-gate] slice 97: reusing cached slice report /state/cache/scratch/negc-skip/slice-097.json (fixture sha and slice limit match)
[parity-gate] slice 98: reusing cached slice report /state/cache/scratch/negc-skip/slice-098.json (fixture sha and slice limit match)
[parity-gate] slice 99: reusing cached slice report /state/cache/scratch/negc-skip/slice-099.json (fixture sha and slice limit match)
[parity-gate] slice 100: reusing cached slice report /state/cache/scratch/negc-skip/slice-100.json (fixture sha and slice limit match)
[parity-gate] slice 101: reusing cached slice report /state/cache/scratch/negc-skip/slice-101.json (fixture sha and slice limit match)
[parity-gate] slice 102: reusing cached slice report /state/cache/scratch/negc-skip/slice-102.json (fixture sha and slice limit match)
[parity-gate] slice 103: reusing cached slice report /state/cache/scratch/negc-skip/slice-103.json (fixture sha and slice limit match)
[parity-gate] slice 104: reusing cached slice report /state/cache/scratch/negc-skip/slice-104.json (fixture sha and slice limit match)
[parity-gate] slice 105: reusing cached slice report /state/cache/scratch/negc-skip/slice-105.json (fixture sha and slice limit match)
[parity-gate] slice 106: reusing cached slice report /state/cache/scratch/negc-skip/slice-106.json (fixture sha and slice limit match)
[parity-gate] slice 107: reusing cached slice report /state/cache/scratch/negc-skip/slice-107.json (fixture sha and slice limit match)
[parity-gate] slice 108: reusing cached slice report /state/cache/scratch/negc-skip/slice-108.json (fixture sha and slice limit match)
[parity-gate] slice 109: reusing cached slice report /state/cache/scratch/negc-skip/slice-109.json (fixture sha and slice limit match)
[parity-gate] slice 110: reusing cached slice report /state/cache/scratch/negc-skip/slice-110.json (fixture sha and slice limit match)
[parity-gate] slice 111: reusing cached slice report /state/cache/scratch/negc-skip/slice-111.json (fixture sha and slice limit match)
[parity-gate] slice 112: reusing cached slice report /state/cache/scratch/negc-skip/slice-112.json (fixture sha and slice limit match)
[parity-gate] slice 113: reusing cached slice report /state/cache/scratch/negc-skip/slice-113.json (fixture sha and slice limit match)
[parity-gate] slice 114: reusing cached slice report /state/cache/scratch/negc-skip/slice-114.json (fixture sha and slice limit match)
[parity-gate] slice 115: reusing cached slice report /state/cache/scratch/negc-skip/slice-115.json (fixture sha and slice limit match)
[parity-gate] slice 116: reusing cached slice report /state/cache/scratch/negc-skip/slice-116.json (fixture sha and slice limit match)
[parity-gate] slice 117: reusing cached slice report /state/cache/scratch/negc-skip/slice-117.json (fixture sha and slice limit match)
[parity-gate] slice 118: reusing cached slice report /state/cache/scratch/negc-skip/slice-118.json (fixture sha and slice limit match)
[parity-gate] slice 119: reusing cached slice report /state/cache/scratch/negc-skip/slice-119.json (fixture sha and slice limit match)
[parity-gate] slice 120: reusing cached slice report /state/cache/scratch/negc-skip/slice-120.json (fixture sha and slice limit match)
[parity-gate] slice 121: reusing cached slice report /state/cache/scratch/negc-skip/slice-121.json (fixture sha and slice limit match)
[parity-gate] slice 122: reusing cached slice report /state/cache/scratch/negc-skip/slice-122.json (fixture sha and slice limit match)
[parity-gate] slice 123: reusing cached slice report /state/cache/scratch/negc-skip/slice-123.json (fixture sha and slice limit match)
[parity-gate] slice 124: reusing cached slice report /state/cache/scratch/negc-skip/slice-124.json (fixture sha and slice limit match)
[parity-gate] slice 125: reusing cached slice report /state/cache/scratch/negc-skip/slice-125.json (fixture sha and slice limit match)
[parity-gate] slice 126: reusing cached slice report /state/cache/scratch/negc-skip/slice-126.json (fixture sha and slice limit match)
[parity-gate] slice 127: reusing cached slice report /state/cache/scratch/negc-skip/slice-127.json (fixture sha and slice limit match)
[parity-gate] slice 128: reusing cached slice report /state/cache/scratch/negc-skip/slice-128.json (fixture sha and slice limit match)
[parity-gate] slice 129: reusing cached slice report /state/cache/scratch/negc-skip/slice-129.json (fixture sha and slice limit match)
[parity-gate] slice 130: reusing cached slice report /state/cache/scratch/negc-skip/slice-130.json (fixture sha and slice limit match)
[parity-gate] slice 131: reusing cached slice report /state/cache/scratch/negc-skip/slice-131.json (fixture sha and slice limit match)
[parity-gate] slice 132: reusing cached slice report /state/cache/scratch/negc-skip/slice-132.json (fixture sha and slice limit match)
[parity-gate] slice 133: reusing cached slice report /state/cache/scratch/negc-skip/slice-133.json (fixture sha and slice limit match)
[parity-gate] slice 134: reusing cached slice report /state/cache/scratch/negc-skip/slice-134.json (fixture sha and slice limit match)
[parity-gate] slice 135: reusing cached slice report /state/cache/scratch/negc-skip/slice-135.json (fixture sha and slice limit match)
[parity-gate] slice 136: reusing cached slice report /state/cache/scratch/negc-skip/slice-136.json (fixture sha and slice limit match)
[parity-gate] slice 137: reusing cached slice report /state/cache/scratch/negc-skip/slice-137.json (fixture sha and slice limit match)
[parity-gate] slice 138: reusing cached slice report /state/cache/scratch/negc-skip/slice-138.json (fixture sha and slice limit match)
[parity-gate] slice 139: reusing cached slice report /state/cache/scratch/negc-skip/slice-139.json (fixture sha and slice limit match)
[parity-gate] slice 140: reusing cached slice report /state/cache/scratch/negc-skip/slice-140.json (fixture sha and slice limit match)
[parity-gate] slice 141: reusing cached slice report /state/cache/scratch/negc-skip/slice-141.json (fixture sha and slice limit match)
[parity-gate] slice 142: reusing cached slice report /state/cache/scratch/negc-skip/slice-142.json (fixture sha and slice limit match)
[parity-gate] slice 143: reusing cached slice report /state/cache/scratch/negc-skip/slice-143.json (fixture sha and slice limit match)
[parity-gate] slice 144: reusing cached slice report /state/cache/scratch/negc-skip/slice-144.json (fixture sha and slice limit match)
[parity-gate] slice 145: reusing cached slice report /state/cache/scratch/negc-skip/slice-145.json (fixture sha and slice limit match)
[parity-gate] slice 146: reusing cached slice report /state/cache/scratch/negc-skip/slice-146.json (fixture sha and slice limit match)
[parity-gate] slice 147: reusing cached slice report /state/cache/scratch/negc-skip/slice-147.json (fixture sha and slice limit match)
[parity-gate] slice 148: reusing cached slice report /state/cache/scratch/negc-skip/slice-148.json (fixture sha and slice limit match)
[parity-gate] slice 149: reusing cached slice report /state/cache/scratch/negc-skip/slice-149.json (fixture sha and slice limit match)
[parity-gate] slice 150: reusing cached slice report /state/cache/scratch/negc-skip/slice-150.json (fixture sha and slice limit match)
[parity-gate] slice 151: reusing cached slice report /state/cache/scratch/negc-skip/slice-151.json (fixture sha and slice limit match)
[parity-gate] slice 152: reusing cached slice report /state/cache/scratch/negc-skip/slice-152.json (fixture sha and slice limit match)
[parity-gate] slice 153: reusing cached slice report /state/cache/scratch/negc-skip/slice-153.json (fixture sha and slice limit match)
[parity-gate] slice 154: reusing cached slice report /state/cache/scratch/negc-skip/slice-154.json (fixture sha and slice limit match)
[parity-gate] slice 155: reusing cached slice report /state/cache/scratch/negc-skip/slice-155.json (fixture sha and slice limit match)
[parity-gate] slice 156: reusing cached slice report /state/cache/scratch/negc-skip/slice-156.json (fixture sha and slice limit match)
[parity-gate] slice 157: reusing cached slice report /state/cache/scratch/negc-skip/slice-157.json (fixture sha and slice limit match)
[parity-gate] slice 158: reusing cached slice report /state/cache/scratch/negc-skip/slice-158.json (fixture sha and slice limit match)
[parity-gate] slice 159: reusing cached slice report /state/cache/scratch/negc-skip/slice-159.json (fixture sha and slice limit match)
[parity-gate] slice 160: reusing cached slice report /state/cache/scratch/negc-skip/slice-160.json (fixture sha and slice limit match)
[parity-gate] slice 161: reusing cached slice report /state/cache/scratch/negc-skip/slice-161.json (fixture sha and slice limit match)
[parity-gate] slice 162: reusing cached slice report /state/cache/scratch/negc-skip/slice-162.json (fixture sha and slice limit match)
[parity-gate] slice 163: reusing cached slice report /state/cache/scratch/negc-skip/slice-163.json (fixture sha and slice limit match)
[parity-gate] slice 164: reusing cached slice report /state/cache/scratch/negc-skip/slice-164.json (fixture sha and slice limit match)
[parity-gate] slice 165: reusing cached slice report /state/cache/scratch/negc-skip/slice-165.json (fixture sha and slice limit match)
[parity-gate] slice 166: reusing cached slice report /state/cache/scratch/negc-skip/slice-166.json (fixture sha and slice limit match)
[parity-gate] slice 167: reusing cached slice report /state/cache/scratch/negc-skip/slice-167.json (fixture sha and slice limit match)
[parity-gate] slice 168: reusing cached slice report /state/cache/scratch/negc-skip/slice-168.json (fixture sha and slice limit match)
[parity-gate] slice 169: reusing cached slice report /state/cache/scratch/negc-skip/slice-169.json (fixture sha and slice limit match)
[parity-gate] slice 170: reusing cached slice report /state/cache/scratch/negc-skip/slice-170.json (fixture sha and slice limit match)
[parity-gate] slice 171: reusing cached slice report /state/cache/scratch/negc-skip/slice-171.json (fixture sha and slice limit match)
[parity-gate] slice 172: reusing cached slice report /state/cache/scratch/negc-skip/slice-172.json (fixture sha and slice limit match)
[parity-gate] slice 173: reusing cached slice report /state/cache/scratch/negc-skip/slice-173.json (fixture sha and slice limit match)
[parity-gate] slice 174: reusing cached slice report /state/cache/scratch/negc-skip/slice-174.json (fixture sha and slice limit match)
[parity-gate] slice 175: reusing cached slice report /state/cache/scratch/negc-skip/slice-175.json (fixture sha and slice limit match)
[parity-gate] slice 176: reusing cached slice report /state/cache/scratch/negc-skip/slice-176.json (fixture sha and slice limit match)
[parity-gate] slice 177: reusing cached slice report /state/cache/scratch/negc-skip/slice-177.json (fixture sha and slice limit match)
[parity-gate] slice 178: reusing cached slice report /state/cache/scratch/negc-skip/slice-178.json (fixture sha and slice limit match)
[parity-gate] slice 179: reusing cached slice report /state/cache/scratch/negc-skip/slice-179.json (fixture sha and slice limit match)
[parity-gate] slice 180: reusing cached slice report /state/cache/scratch/negc-skip/slice-180.json (fixture sha and slice limit match)
[parity-gate] slice 181: reusing cached slice report /state/cache/scratch/negc-skip/slice-181.json (fixture sha and slice limit match)
[parity-gate] slice 182: reusing cached slice report /state/cache/scratch/negc-skip/slice-182.json (fixture sha and slice limit match)
[parity-gate] slice 183: reusing cached slice report /state/cache/scratch/negc-skip/slice-183.json (fixture sha and slice limit match)
[parity-gate] slice 184: reusing cached slice report /state/cache/scratch/negc-skip/slice-184.json (fixture sha and slice limit match)
[parity-gate] slice 185: reusing cached slice report /state/cache/scratch/negc-skip/slice-185.json (fixture sha and slice limit match)
[parity-gate] slice 186: reusing cached slice report /state/cache/scratch/negc-skip/slice-186.json (fixture sha and slice limit match)
[parity-gate] slice 187: reusing cached slice report /state/cache/scratch/negc-skip/slice-187.json (fixture sha and slice limit match)
[parity-gate] slice 188: reusing cached slice report /state/cache/scratch/negc-skip/slice-188.json (fixture sha and slice limit match)
[parity-gate] slice 189: reusing cached slice report /state/cache/scratch/negc-skip/slice-189.json (fixture sha and slice limit match)
[parity-gate] slice 190: reusing cached slice report /state/cache/scratch/negc-skip/slice-190.json (fixture sha and slice limit match)
[parity-gate] slice 191: reusing cached slice report /state/cache/scratch/negc-skip/slice-191.json (fixture sha and slice limit match)
[parity-gate] slice 192: reusing cached slice report /state/cache/scratch/negc-skip/slice-192.json (fixture sha and slice limit match)
[parity-gate] slice 193: reusing cached slice report /state/cache/scratch/negc-skip/slice-193.json (fixture sha and slice limit match)
[parity-gate] slice 194: reusing cached slice report /state/cache/scratch/negc-skip/slice-194.json (fixture sha and slice limit match)
[parity-gate] slice 195: reusing cached slice report /state/cache/scratch/negc-skip/slice-195.json (fixture sha and slice limit match)
[parity-gate] slice 196: reusing cached slice report /state/cache/scratch/negc-skip/slice-196.json (fixture sha and slice limit match)
[parity-gate] slice 197: reusing cached slice report /state/cache/scratch/negc-skip/slice-197.json (fixture sha and slice limit match)
[parity-gate] slice 198: reusing cached slice report /state/cache/scratch/negc-skip/slice-198.json (fixture sha and slice limit match)
[parity-gate] slice 199: reusing cached slice report /state/cache/scratch/negc-skip/slice-199.json (fixture sha and slice limit match)
[parity-gate] slice 200: reusing cached slice report /state/cache/scratch/negc-skip/slice-200.json (fixture sha and slice limit match)
[parity-gate] slice 201: reusing cached slice report /state/cache/scratch/negc-skip/slice-201.json (fixture sha and slice limit match)
[parity-gate] slice 202: reusing cached slice report /state/cache/scratch/negc-skip/slice-202.json (fixture sha and slice limit match)
[parity-gate] slice 203: reusing cached slice report /state/cache/scratch/negc-skip/slice-203.json (fixture sha and slice limit match)
[parity-gate] slice 204: reusing cached slice report /state/cache/scratch/negc-skip/slice-204.json (fixture sha and slice limit match)
[parity-gate] slice 205: reusing cached slice report /state/cache/scratch/negc-skip/slice-205.json (fixture sha and slice limit match)
[parity-gate] slice 206: reusing cached slice report /state/cache/scratch/negc-skip/slice-206.json (fixture sha and slice limit match)
[parity-gate] slice 207: reusing cached slice report /state/cache/scratch/negc-skip/slice-207.json (fixture sha and slice limit match)
[parity-gate] slice 208: reusing cached slice report /state/cache/scratch/negc-skip/slice-208.json (fixture sha and slice limit match)
[parity-gate] slice 209..209: launching headless Chromium (attempt 1)
[parity-gate] command: /usr/bin/chromium --headless=new --no-sandbox --disable-dev-shm-usage --disable-background-networking --disable-component-update --disable-sync --no-first-run --no-default-browser-check --use-gl=angle --use-angle=swiftshader --enable-unsafe-swiftshader --enable-logging=stderr --v=0 --remote-debugging-port=6208 --user-data-dir=/state/cache/scratch/negc-skip/chrome-profile-209 --disk-cache-dir=/state/cache/scratch/negc-skip/chrome-http-cache --disk-cache-size=524288000 about:blank
[parity-gate] navigate: http://127.0.0.1:5199/test/parity-gate/authority.html
[parity-gate] authority webgl: WebGL 2.0 (OpenGL ES 3.0 Chromium) / WebKit WebGL
[parity-gate] authority done so far: 1/1 synth3d/shape3d
[parity-gate] navigate: http://127.0.0.1:5199/test/parity-gate/port.html
[parity-gate] port done so far: 1/1 synth3d/shape3d
[parity-gate] compared so far: 1/1 synth3d/shape3d EXACT
[parity-gate] slice 209: executed=6/6 exact=6 tolerance=0 failed=0 missing=0 chromiumExit=0
[parity-gate] merged: executed=1254/1260 exact=1254 tolerance=0 failed=0 missing=6 identityOk=true rollingMatchesImmutable=false pass=false
