✔ toolbar controls are named buttons without negative tabindex (1.905896ms)
✔ extension controls are named buttons (0.254326ms)
✔ editor surfaces carry accessible names (0.211775ms)
Using browser-only version of superagent in non-browser environment
code is null
✔ gallery clear removes the saved program from the URL (GAP-002 input removal) (94.527307ms)
code is null
code is c2VhcmNoJTIwaHlkcmElMEFub2lzZShzY2FsZSUzQSUyMDUpLndyaXRlKG8wKSUwQSUwQXJlbmRlcihvMCk=
✔ gallery restores the saved program from a URL code parameter (GAP-002 URL restoration) (39.824213ms)
code is null
code is c2VhcmNoJTIwaHlkcmElMkMlMjByZW5kZXIlMEElMEFub2lzZShzY2FsZSUzQSUyMDUpJTBBJTIwJTIwLndyaXRlKG8wKSUwQSUwQXJlbmRlcihvMCk=
✔ gallery restores a code parameter recorded from the scheme at revision 626f37c (GAP-003 saved-sketch upgrade) (39.387053ms)
✔ line shortcut flashes its range and evaluates the complete document (1.71343ms)
✔ block shortcut flashes its range and evaluates the complete document (0.171754ms)
[hydra-wgsl] conversion failed: hydra-wgsl: program is missing `out vec4 fragColor;`
✔ convertHydraGlslProgramToWgsl emits WGSL with per-declared uniform bindings (6.022182ms)
✔ effect-body texture2D calls gain the WGSL y-flip the entry-point sites drop (0.84369ms)
✔ attachHydraWgslShaders attaches WGSL to Hydra namespace definitions only (1.206849ms)
✔ attachHydraWgslCompile wraps WebGPU WGSL source resolution and is idempotent (1.599688ms)
✔ mutator uses the Noisemaker AST and recompiles mutated and restored source (2.684114ms)
✔ mutator preserves multi-step pipeline structure containing builtin steps across mutations (0.604975ms)
✔ editor runtime contains no legacy Hydra execution surface (3.426481ms)
✔ canvas component stops and disposes its Noisemaker renderer (0.530992ms)
✔ canvas component cleanup stops capture tracks and patch bay (GAP-002 resource cleanup) (0.232156ms)
✔ contains no alternate JavaScript evaluator or its dependencies (3.863762ms)
✔ active editor formats and clears with native Noisemaker syntax (0.318867ms)
✔ production assets contain no dormant legacy runtime bundle (0.271986ms)
✔ creates one initialized Noisemaker CanvasRenderer (8.770068ms)
✔ runtime preserves CanvasRenderer pipeline sink deferral and deferredFrameCount contract (0.519632ms)
✔ runtime preserves CanvasRenderer texture and pass contracts (GAP-004, GAP-005) (0.621355ms)
✔ parity case matrix covers the full 210-ID authority manifest (2.93567ms)
✔ parity case matrix pins authority identities (0.39825ms)
✔ every parity case defines deterministic programs for all frames (3.553773ms)
✔ parity gate harness files exist (0.268167ms)
✔ forwards the complete editor document unchanged to one compiler (32.541831ms)
✔ forwards chained variable alias syntax through repl.eval to compiler (5.153971ms)
✔ forwards midi expressions through repl.eval to compiler (5.46785ms)
✔ forwards adjust filter expressions through repl.eval to compiler (4.816054ms)
✔ forwards output surface boundary expressions through repl.eval to compiler (3.256277ms)
✔ repl.eval returns error when engine is not ready (4.025135ms)
✔ repl.eval formats compiler errors containing diagnostics (9.303641ms)
✔ repl.eval recovers after a failed compilation (4.714181ms)
✔ repl.eval formats compiler syntax errors for out-of-range output surfaces (3.141254ms)
✔ repl.eval formats error when step replacement or compilation fails (3.008931ms)
✔ formatError formats strings, nulls, and standard Error instances (16.076641ms)
✔ formatError prioritizes diagnostics and errors on Error instances (3.32566ms)
✔ formatError handles plain objects with diagnostics or error properties (9.171687ms)
✔ formatDiagnostic preserves column precedence over col fallback and formats unlocated diagnostics (2.831138ms)
✔ formatError handles singular diagnostic property with structured lexer payload (3.965924ms)
✔ repl.eval formats compiler syntax errors carrying structured lexer diagnostic (2.165241ms)
✔ formatError handles singular diagnostic property with structured parser payload (P001/P002) (2.12152ms)
✔ formatError handles parser expectation diagnostics with explicit null location and span (3.870412ms)
✔ repl.eval formats compiler syntax errors carrying structured parser diagnostic (2.468828ms)
✔ formatError handles singular diagnostic property with structured parser automation payload (P003) (2.511999ms)
✔ formatError handles singular diagnostic property with structured parser search directive payload (P004) (3.155385ms)
✔ formatError handles parser automation and search diagnostics with explicit null location and span (2.333076ms)
✔ repl.eval formats compiler syntax errors carrying structured parser automation diagnostic (P003) (2.707414ms)
✔ repl.eval formats compiler syntax errors carrying structured parser search diagnostic (P004) (2.374155ms)
✔ forwards classicNoisedeck noise expressions with refract parameter through repl.eval to compiler (2.646973ms)
✔ forwards classicNoisedeck glitch expressions with zero-work parameters through repl.eval to compiler (6.117584ms)
✔ formatError handles singular diagnostic property with structured parser output validation payload (P005) (6.934805ms)
✔ formatError handles parser output validation diagnostics with explicit null location and span (2.866898ms)
✔ repl.eval formats compiler syntax errors carrying structured parser output validation diagnostic (P005) (2.749496ms)
✔ formatError handles singular diagnostic property with structured parser subchain validation payload (P006) (2.507709ms)
✔ formatError handles parser subchain validation diagnostics with explicit null location and span (2.442628ms)
✔ repl.eval formats compiler syntax errors carrying structured parser subchain validation diagnostic (P006) (6.733959ms)
✔ forwards subchain expressions through repl.eval to compiler (2.820616ms)
✔ formatError handles singular diagnostic property with structured parser call-form validation payload (P007) (2.715205ms)
✔ formatError handles parser call-form validation diagnostics with explicit null location and span (2.446258ms)
✔ repl.eval formats compiler syntax errors carrying structured parser call-form validation diagnostic (P007) (5.06985ms)
✔ formatError handles parser expectation diagnostics with explicit null location and span for number coercion (3.122174ms)
✔ forwards from() and call expressions through repl.eval to compiler (2.663504ms)
✔ formatError handles parser expectation diagnostics with structured source location for number coercion (P001) (5.400487ms)
✔ repl.eval formats compiler syntax errors carrying structured number coercion diagnostic with source location (P001) (8.464231ms)
✔ formatError handles singular diagnostic property with structured parser subchain validation payload (P008) (5.488409ms)
✔ formatError handles parser subchain validation diagnostics with explicit null location and span (P008) (3.220746ms)
✔ repl.eval formats compiler syntax errors carrying structured parser subchain validation diagnostic (P008) (2.746596ms)
✔ formatError handles singular diagnostic property with structured parser subchain validation payload (P009) (2.673744ms)
✔ formatError handles parser subchain validation diagnostics with explicit null location and span (P009) (2.341965ms)
✔ repl.eval formats compiler syntax errors carrying structured parser subchain validation diagnostic (P009) (2.640143ms)
✔ formatError handles singular diagnostic property with structured parser subchain validation payload (P010) (6.327509ms)
✔ formatError handles parser subchain validation diagnostics with explicit null location and span (P010) (3.36045ms)
✔ repl.eval formats compiler syntax errors carrying structured parser subchain validation diagnostic (P010) (3.070493ms)
✔ formatError handles multiple subchain validation diagnostics in diagnostics list (P008/P009/P010) (5.579531ms)
✔ forwards subchain expressions with multiple keyword arguments through repl.eval to compiler (3.061063ms)
✔ formatError prioritizes diagnostics array attached to Error instances for subchain validation (8.0656ms)
✔ formatError handles effect definition validation errors in errors array (GAP-003) (2.905959ms)
✔ formatError handles Error instance with validation errors array (GAP-003) (2.57835ms)
✔ repl.eval formats compiler errors carrying effect definition validation failures (GAP-003) (2.765825ms)
✔ formatError handles texture policy validation errors in errors array (noisemaker@2f47612c texture policy) (3.568255ms)
✔ formatError handles Error instance with texture policy errors array (noisemaker@2f47612c texture policy) (5.579212ms)
✔ repl.eval formats compiler errors carrying texture policy validation failures (noisemaker@2f47612c texture policy) (6.132185ms)
✔ formatError handles pass property validation errors in errors array (GAP-005) (4.607009ms)
✔ repl.eval formats compiler errors carrying GAP-005 pass property validation failures (12.458485ms)
✔ formatError handles ShaderDiagnostic backend errors preserving legacy detail (noisemaker 6a0af04d) (9.615257ms)
✔ repl.eval formats compiler errors carrying ShaderDiagnostic failures (noisemaker 6a0af04d) (4.807843ms)
ℹ tests 89
ℹ suites 0
ℹ pass 89
ℹ fail 0
ℹ cancelled 0
ℹ skipped 0
ℹ todo 0
ℹ duration_ms 1369.548695
