Using browser-only version of superagent in non-browser environment
code is null
✔ gallery clear removes the saved program from the URL (GAP-002 input removal) (56.675323ms)
code is null
code is c2VhcmNoJTIwaHlkcmElMEFub2lzZShzY2FsZSUzQSUyMDUpLndyaXRlKG8wKSUwQSUwQXJlbmRlcihvMCk=
✔ gallery restores the saved program from a URL code parameter (GAP-002 URL restoration) (23.384464ms)
code is null
code is c2VhcmNoJTIwaHlkcmElMkMlMjByZW5kZXIlMEElMEFub2lzZShzY2FsZSUzQSUyMDUpJTBBJTIwJTIwLndyaXRlKG8wKSUwQSUwQXJlbmRlcihvMCk=
✔ gallery restores a sketch URL saved by the previously served revision 626f37c (GAP-003 saved-sketch upgrade) (19.75826ms)
✔ line shortcut flashes its range and evaluates the complete document (1.653523ms)
✔ block shortcut flashes its range and evaluates the complete document (0.178334ms)
✔ mutator uses the Noisemaker AST and recompiles mutated and restored source (2.31291ms)
✔ mutator preserves multi-step pipeline structure containing builtin steps across mutations (0.717959ms)
✔ editor runtime contains no legacy Hydra execution surface (6.193469ms)
✔ canvas component stops and disposes its Noisemaker renderer (0.37323ms)
✔ canvas component cleanup stops capture tracks and patch bay (GAP-002 resource cleanup) (0.216235ms)
✔ contains no alternate JavaScript evaluator or its dependencies (2.050833ms)
✔ active editor formats and clears with native Noisemaker syntax (0.252126ms)
✔ production assets contain no dormant legacy runtime bundle (0.198356ms)
✔ creates one initialized Noisemaker CanvasRenderer (1.994001ms)
✔ runtime preserves CanvasRenderer pipeline sink deferral and deferredFrameCount contract (0.36703ms)
✔ runtime preserves CanvasRenderer texture and pass contracts (GAP-004, GAP-005) (0.40565ms)
✔ parity case matrix covers the full 210-ID authority manifest (1.640092ms)
✔ parity case matrix pins authority identities (0.40243ms)
✔ every parity case defines deterministic programs for all frames (1.974071ms)
✔ parity gate harness files exist (0.227285ms)
✔ forwards the complete editor document unchanged to one compiler (19.601536ms)
✔ forwards chained variable alias syntax through repl.eval to compiler (2.861214ms)
✔ forwards midi expressions through repl.eval to compiler (2.543255ms)
✔ forwards adjust filter expressions through repl.eval to compiler (3.303465ms)
✔ forwards output surface boundary expressions through repl.eval to compiler (5.194574ms)
✔ repl.eval returns error when engine is not ready (2.952856ms)
✔ repl.eval formats compiler errors containing diagnostics (3.025288ms)
✔ repl.eval recovers after a failed compilation (5.704358ms)
✔ repl.eval formats compiler syntax errors for out-of-range output surfaces (3.281585ms)
✔ repl.eval formats error when step replacement or compilation fails (2.930426ms)
✔ formatError formats strings, nulls, and standard Error instances (3.663114ms)
✔ formatError prioritizes diagnostics and errors on Error instances (2.586897ms)
✔ formatError handles plain objects with diagnostics or error properties (2.869244ms)
✔ formatDiagnostic preserves column precedence over col fallback and formats unlocated diagnostics (2.642948ms)
✔ formatError handles singular diagnostic property with structured lexer payload (3.294085ms)
✔ repl.eval formats compiler syntax errors carrying structured lexer diagnostic (2.202697ms)
✔ formatError handles singular diagnostic property with structured parser payload (P001/P002) (2.987147ms)
✔ formatError handles parser expectation diagnostics with explicit null location and span (1.984611ms)
✔ repl.eval formats compiler syntax errors carrying structured parser diagnostic (3.88262ms)
✔ formatError handles singular diagnostic property with structured parser automation payload (P003) (2.099434ms)
✔ formatError handles singular diagnostic property with structured parser search directive payload (P004) (2.381902ms)
✔ formatError handles parser automation and search diagnostics with explicit null location and span (1.899669ms)
✔ repl.eval formats compiler syntax errors carrying structured parser automation diagnostic (P003) (3.326146ms)
✔ repl.eval formats compiler syntax errors carrying structured parser search diagnostic (P004) (2.304449ms)
✔ forwards classicNoisedeck noise expressions with refract parameter through repl.eval to compiler (1.990142ms)
✔ forwards classicNoisedeck glitch expressions with zero-work parameters through repl.eval to compiler (2.420452ms)
✔ formatError handles singular diagnostic property with structured parser output validation payload (P005) (4.082656ms)
✔ formatError handles parser output validation diagnostics with explicit null location and span (2.436423ms)
✔ repl.eval formats compiler syntax errors carrying structured parser output validation diagnostic (P005) (2.178706ms)
✔ formatError handles singular diagnostic property with structured parser subchain validation payload (P006) (1.875189ms)
✔ formatError handles parser subchain validation diagnostics with explicit null location and span (2.482654ms)
✔ repl.eval formats compiler syntax errors carrying structured parser subchain validation diagnostic (P006) (3.826869ms)
✔ forwards subchain expressions through repl.eval to compiler (2.302209ms)
✔ formatError handles singular diagnostic property with structured parser call-form validation payload (P007) (2.784382ms)
✔ formatError handles parser call-form validation diagnostics with explicit null location and span (2.31395ms)
✔ repl.eval formats compiler syntax errors carrying structured parser call-form validation diagnostic (P007) (2.69097ms)
✔ formatError handles parser expectation diagnostics with explicit null location and span for number coercion (2.003062ms)
✔ forwards from() and call expressions through repl.eval to compiler (2.721951ms)
✔ formatError handles parser expectation diagnostics with structured source location for number coercion (P001) (4.493656ms)
✔ repl.eval formats compiler syntax errors carrying structured number coercion diagnostic with source location (P001) (3.036168ms)
✔ formatError handles singular diagnostic property with structured parser subchain validation payload (P008) (2.533056ms)
✔ formatError handles parser subchain validation diagnostics with explicit null location and span (P008) (2.283599ms)
✔ repl.eval formats compiler syntax errors carrying structured parser subchain validation diagnostic (P008) (2.143155ms)
✔ formatError handles singular diagnostic property with structured parser subchain validation payload (P009) (2.208387ms)
✔ formatError handles parser subchain validation diagnostics with explicit null location and span (P009) (2.792423ms)
✔ repl.eval formats compiler syntax errors carrying structured parser subchain validation diagnostic (P009) (2.399961ms)
✔ formatError handles singular diagnostic property with structured parser subchain validation payload (P010) (3.641174ms)
✔ formatError handles parser subchain validation diagnostics with explicit null location and span (P010) (4.126736ms)
✔ repl.eval formats compiler syntax errors carrying structured parser subchain validation diagnostic (P010) (3.043629ms)
✔ formatError handles multiple subchain validation diagnostics in diagnostics list (P008/P009/P010) (2.267188ms)
✔ forwards subchain expressions with multiple keyword arguments through repl.eval to compiler (2.109725ms)
✔ formatError prioritizes diagnostics array attached to Error instances for subchain validation (2.011262ms)
✔ formatError handles effect definition validation errors in errors array (GAP-003) (1.92824ms)
✔ formatError handles Error instance with validation errors array (GAP-003) (2.108564ms)
✔ repl.eval formats compiler errors carrying effect definition validation failures (GAP-003) (2.269698ms)
✔ formatError handles texture policy validation errors in errors array (noisemaker@2f47612c texture policy) (1.92888ms)
✔ formatError handles Error instance with texture policy errors array (noisemaker@2f47612c texture policy) (3.028658ms)
✔ repl.eval formats compiler errors carrying texture policy validation failures (noisemaker@2f47612c texture policy) (3.540531ms)
✔ formatError handles pass property validation errors in errors array (GAP-005) (2.630828ms)
✔ repl.eval formats compiler errors carrying GAP-005 pass property validation failures (1.891949ms)
ℹ tests 80
ℹ suites 0
ℹ pass 80
ℹ fail 0
ℹ cancelled 0
ℹ skipped 0
ℹ todo 0
ℹ duration_ms 782.024863
