✔ toolbar controls are named buttons without negative tabindex (1.244936ms)
✔ extension controls are named buttons (0.213853ms)
✔ editor surfaces carry accessible names (0.174042ms)
Using browser-only version of superagent in non-browser environment
code is null
✔ gallery clear removes the saved program from the URL (GAP-002 input removal) (57.840265ms)
code is null
code is c2VhcmNoJTIwaHlkcmElMEFub2lzZShzY2FsZSUzQSUyMDUpLndyaXRlKG8wKSUwQSUwQXJlbmRlcihvMCk=
✔ gallery restores the saved program from a URL code parameter (GAP-002 URL restoration) (27.003179ms)
code is null
code is c2VhcmNoJTIwaHlkcmElMkMlMjByZW5kZXIlMEElMEFub2lzZShzY2FsZSUzQSUyMDUpJTBBJTIwJTIwLndyaXRlKG8wKSUwQSUwQXJlbmRlcihvMCk=
✔ gallery restores a code parameter recorded from the scheme at revision 626f37c (GAP-003 saved-sketch upgrade) (22.515642ms)
✔ line shortcut flashes its range and evaluates the complete document (1.54878ms)
✔ block shortcut flashes its range and evaluates the complete document (0.153851ms)
[hydra-wgsl] conversion failed: hydra-wgsl: program is missing `out vec4 fragColor;`
✔ convertHydraGlslProgramToWgsl emits WGSL with per-declared uniform bindings (7.963131ms)
✔ effect-body texture2D calls gain the WGSL y-flip the entry-point sites drop (0.574027ms)
✔ attachHydraWgslShaders attaches WGSL to Hydra namespace definitions only (0.905552ms)
✔ attachHydraWgslCompile wraps WebGPU WGSL source resolution and is idempotent (1.185965ms)
✔ mutator uses the Noisemaker AST and recompiles mutated and restored source (2.125287ms)
✔ mutator preserves multi-step pipeline structure containing builtin steps across mutations (0.523566ms)
✔ editor runtime contains no legacy Hydra execution surface (7.050999ms)
✔ canvas component stops and disposes its Noisemaker renderer (0.395013ms)
✔ canvas component cleanup stops capture tracks and patch bay (GAP-002 resource cleanup) (0.242714ms)
✔ contains no alternate JavaScript evaluator or its dependencies (2.714094ms)
✔ active editor formats and clears with native Noisemaker syntax (0.313634ms)
✔ production assets contain no dormant legacy runtime bundle (0.245693ms)
✔ creates one initialized Noisemaker CanvasRenderer (6.840905ms)
✔ runtime preserves CanvasRenderer pipeline sink deferral and deferredFrameCount contract (0.416595ms)
✔ runtime preserves CanvasRenderer texture and pass contracts (GAP-004, GAP-005) (0.535148ms)
✔ parity case matrix covers the full 210-ID authority manifest (1.59222ms)
✔ parity case matrix pins authority identities (0.384606ms)
✔ every parity case defines deterministic programs for all frames (2.439661ms)
✔ parity gate harness files exist (0.218323ms)
✔ sliceCacheReusable rejects a cached slice produced with a different slice limit (0.910771ms)
✔ sliceCacheReusable rejects a mismatched fixture revision at any slice limit (0.156982ms)
✔ sliceCacheReusable tolerates legacy slice records without a slice object (0.163033ms)
✔ committed merged parity report keeps the full denominator with missing preserved (6.984027ms)
✔ the rendered gate keeps an enforcement point for release qualification (0.298495ms)
✔ forwards the complete editor document unchanged to one compiler (23.15234ms)
✔ forwards chained variable alias syntax through repl.eval to compiler (3.274251ms)
✔ forwards midi expressions through repl.eval to compiler (4.884821ms)
✔ forwards adjust filter expressions through repl.eval to compiler (3.9897ms)
✔ forwards output surface boundary expressions through repl.eval to compiler (2.772245ms)
✔ repl.eval returns error when engine is not ready (2.938487ms)
✔ repl.eval formats compiler errors containing diagnostics (5.294256ms)
✔ repl.eval recovers after a failed compilation (3.565294ms)
✔ repl.eval formats compiler syntax errors for out-of-range output surfaces (3.409353ms)
✔ repl.eval formats error when step replacement or compilation fails (4.110461ms)
✔ formatError formats strings, nulls, and standard Error instances (2.608193ms)
✔ formatError prioritizes diagnostics and errors on Error instances (4.357275ms)
✔ formatError handles plain objects with diagnostics or error properties (2.345999ms)
✔ formatDiagnostic preserves column precedence over col fallback and formats unlocated diagnostics (2.40931ms)
✔ formatError handles singular diagnostic property with structured lexer payload (4.427606ms)
✔ repl.eval formats compiler syntax errors carrying structured lexer diagnostic (2.410821ms)
✔ formatError handles singular diagnostic property with structured parser payload (P001/P002) (1.915294ms)
✔ formatError handles parser expectation diagnostics with explicit null location and span (3.398732ms)
✔ repl.eval formats compiler syntax errors carrying structured parser diagnostic (2.246068ms)
✔ formatError handles singular diagnostic property with structured parser automation payload (P003) (2.231328ms)
✔ formatError handles singular diagnostic property with structured parser search directive payload (P004) (2.014426ms)
✔ formatError handles parser automation and search diagnostics with explicit null location and span (2.032456ms)
✔ repl.eval formats compiler syntax errors carrying structured parser automation diagnostic (P003) (4.369745ms)
✔ repl.eval formats compiler syntax errors carrying structured parser search diagnostic (P004) (2.353729ms)
✔ forwards classicNoisedeck noise expressions with refract parameter through repl.eval to compiler (2.302559ms)
✔ forwards classicNoisedeck glitch expressions with zero-work parameters through repl.eval to compiler (3.844079ms)
✔ formatError handles singular diagnostic property with structured parser output validation payload (P005) (4.407315ms)
✔ formatError handles parser output validation diagnostics with explicit null location and span (5.800783ms)
✔ repl.eval formats compiler syntax errors carrying structured parser output validation diagnostic (P005) (2.35584ms)
✔ formatError handles singular diagnostic property with structured parser subchain validation payload (P006) (2.133277ms)
✔ formatError handles parser subchain validation diagnostics with explicit null location and span (1.793333ms)
✔ repl.eval formats compiler syntax errors carrying structured parser subchain validation diagnostic (P006) (1.831783ms)
✔ forwards subchain expressions through repl.eval to compiler (3.714097ms)
✔ formatError handles singular diagnostic property with structured parser call-form validation payload (P007) (4.307414ms)
✔ formatError handles parser call-form validation diagnostics with explicit null location and span (2.700994ms)
✔ repl.eval formats compiler syntax errors carrying structured parser call-form validation diagnostic (P007) (3.430373ms)
✔ formatError handles parser expectation diagnostics with explicit null location and span for number coercion (4.339364ms)
✔ forwards from() and call expressions through repl.eval to compiler (4.543627ms)
✔ formatError handles parser expectation diagnostics with structured source location for number coercion (P001) (2.249959ms)
✔ repl.eval formats compiler syntax errors carrying structured number coercion diagnostic with source location (P001) (2.687843ms)
✔ formatError handles singular diagnostic property with structured parser subchain validation payload (P008) (2.445051ms)
✔ formatError handles parser subchain validation diagnostics with explicit null location and span (P008) (2.324369ms)
✔ repl.eval formats compiler syntax errors carrying structured parser subchain validation diagnostic (P008) (2.678174ms)
✔ formatError handles singular diagnostic property with structured parser subchain validation payload (P009) (2.545081ms)
✔ formatError handles parser subchain validation diagnostics with explicit null location and span (P009) (2.045826ms)
✔ repl.eval formats compiler syntax errors carrying structured parser subchain validation diagnostic (P009) (5.763692ms)
✔ formatError handles singular diagnostic property with structured parser subchain validation payload (P010) (2.707604ms)
✔ formatError handles parser subchain validation diagnostics with explicit null location and span (P010) (2.244458ms)
✔ repl.eval formats compiler syntax errors carrying structured parser subchain validation diagnostic (P010) (2.316029ms)
✔ formatError handles multiple subchain validation diagnostics in diagnostics list (P008/P009/P010) (2.094896ms)
✔ forwards subchain expressions with multiple keyword arguments through repl.eval to compiler (1.842334ms)
✔ formatError prioritizes diagnostics array attached to Error instances for subchain validation (2.044616ms)
✔ formatError handles effect definition validation errors in errors array (GAP-003) (2.40241ms)
✔ formatError handles Error instance with validation errors array (GAP-003) (2.37689ms)
✔ repl.eval formats compiler errors carrying effect definition validation failures (GAP-003) (2.035856ms)
✔ formatError handles texture policy validation errors in errors array (noisemaker@2f47612c texture policy) (2.631993ms)
✔ formatError handles Error instance with texture policy errors array (noisemaker@2f47612c texture policy) (3.344873ms)
✔ repl.eval formats compiler errors carrying texture policy validation failures (noisemaker@2f47612c texture policy) (6.577874ms)
✔ formatError handles pass property validation errors in errors array (GAP-005) (2.425971ms)
✔ repl.eval formats compiler errors carrying GAP-005 pass property validation failures (1.961225ms)
✔ formatError handles ShaderDiagnostic backend errors preserving legacy detail (noisemaker 6a0af04d) (1.862054ms)
✔ repl.eval formats compiler errors carrying ShaderDiagnostic failures (noisemaker 6a0af04d) (1.817733ms)
ℹ tests 94
ℹ suites 0
ℹ pass 94
ℹ fail 0
ℹ cancelled 0
ℹ skipped 0
ℹ todo 0
ℹ duration_ms 1074.866543
